Component: ARM Compiler 5.06 update 5 (build 528) Tool: armlink [4d35e2]

==============================================================================

Section Cross References

    startup_stm32f407xx.o(STACK) refers (Special) to heapauxi.o(.text) for __use_two_region_memory
    startup_stm32f407xx.o(HEAP) refers (Special) to heapauxi.o(.text) for __use_two_region_memory
    startup_stm32f407xx.o(RESET) refers (Special) to heapauxi.o(.text) for __use_two_region_memory
    startup_stm32f407xx.o(RESET) refers to startup_stm32f407xx.o(STACK) for __initial_sp
    startup_stm32f407xx.o(RESET) refers to startup_stm32f407xx.o(.text) for Reset_Handler
    startup_stm32f407xx.o(RESET) refers to port.o(.emb_text) for SVC_Handler
    startup_stm32f407xx.o(RESET) refers to system.o(i.SysTick_Handler) for SysTick_Handler
    startup_stm32f407xx.o(RESET) refers to exti.o(i.EXTI0_IRQHandler) for EXTI0_IRQHandler
    startup_stm32f407xx.o(RESET) refers to exti.o(i.EXTI1_IRQHandler) for EXTI1_IRQHandler
    startup_stm32f407xx.o(RESET) refers to exti.o(i.EXTI2_IRQHandler) for EXTI2_IRQHandler
    startup_stm32f407xx.o(RESET) refers to exti.o(i.EXTI3_IRQHandler) for EXTI3_IRQHandler
    startup_stm32f407xx.o(RESET) refers to exti.o(i.EXTI4_IRQHandler) for EXTI4_IRQHandler
    startup_stm32f407xx.o(RESET) refers to exti.o(i.EXTI9_5_IRQHandler) for EXTI9_5_IRQHandler
    startup_stm32f407xx.o(RESET) refers to timer.o(i.TIM1_CC_IRQHandler) for TIM1_CC_IRQHandler
    startup_stm32f407xx.o(RESET) refers to timer.o(i.TIM2_IRQHandler) for TIM2_IRQHandler
    startup_stm32f407xx.o(RESET) refers to timer.o(i.TIM3_IRQHandler) for TIM3_IRQHandler
    startup_stm32f407xx.o(RESET) refers to timer.o(i.TIM4_IRQHandler) for TIM4_IRQHandler
    startup_stm32f407xx.o(RESET) refers to serial_uart_stm32f4xx.o(i.USART1_IRQHandler) for USART1_IRQHandler
    startup_stm32f407xx.o(RESET) refers to serial_uart_stm32f4xx.o(i.USART3_IRQHandler) for USART3_IRQHandler
    startup_stm32f407xx.o(RESET) refers to exti.o(i.EXTI15_10_IRQHandler) for EXTI15_10_IRQHandler
    startup_stm32f407xx.o(RESET) refers to serial_uart_stm32f4xx.o(i.USART6_IRQHandler) for USART6_IRQHandler
    startup_stm32f407xx.o(.text) refers (Special) to heapauxi.o(.text) for __use_two_region_memory
    startup_stm32f407xx.o(.text) refers to system_stm32f4xx.o(i.SystemInit) for SystemInit
    startup_stm32f407xx.o(.text) refers to __main.o(!!!main) for __main
    startup_stm32f407xx.o(.text) refers to startup_stm32f407xx.o(HEAP) for Heap_Mem
    startup_stm32f407xx.o(.text) refers to startup_stm32f407xx.o(STACK) for Stack_Mem
    stm32f4xx_flash.o(i.FLASH_EraseAllBank1Sectors) refers to stm32f4xx_flash.o(i.FLASH_WaitForLastOperation) for FLASH_WaitForLastOperation
    stm32f4xx_flash.o(i.FLASH_EraseAllBank2Sectors) refers to stm32f4xx_flash.o(i.FLASH_WaitForLastOperation) for FLASH_WaitForLastOperation
    stm32f4xx_flash.o(i.FLASH_EraseAllSectors) refers to stm32f4xx_flash.o(i.FLASH_WaitForLastOperation) for FLASH_WaitForLastOperation
    stm32f4xx_flash.o(i.FLASH_EraseSector) refers to stm32f4xx_flash.o(i.FLASH_WaitForLastOperation) for FLASH_WaitForLastOperation
    stm32f4xx_flash.o(i.FLASH_OB_Launch) refers to stm32f4xx_flash.o(i.FLASH_WaitForLastOperation) for FLASH_WaitForLastOperation
    stm32f4xx_flash.o(i.FLASH_OB_PCROP1Config) refers to stm32f4xx_flash.o(i.FLASH_WaitForLastOperation) for FLASH_WaitForLastOperation
    stm32f4xx_flash.o(i.FLASH_OB_PCROPConfig) refers to stm32f4xx_flash.o(i.FLASH_WaitForLastOperation) for FLASH_WaitForLastOperation
    stm32f4xx_flash.o(i.FLASH_OB_RDPConfig) refers to stm32f4xx_flash.o(i.FLASH_WaitForLastOperation) for FLASH_WaitForLastOperation
    stm32f4xx_flash.o(i.FLASH_OB_UserConfig) refers to stm32f4xx_flash.o(i.FLASH_WaitForLastOperation) for FLASH_WaitForLastOperation
    stm32f4xx_flash.o(i.FLASH_OB_WRP1Config) refers to stm32f4xx_flash.o(i.FLASH_WaitForLastOperation) for FLASH_WaitForLastOperation
    stm32f4xx_flash.o(i.FLASH_OB_WRPConfig) refers to stm32f4xx_flash.o(i.FLASH_WaitForLastOperation) for FLASH_WaitForLastOperation
    stm32f4xx_flash.o(i.FLASH_ProgramByte) refers to stm32f4xx_flash.o(i.FLASH_WaitForLastOperation) for FLASH_WaitForLastOperation
    stm32f4xx_flash.o(i.FLASH_ProgramDoubleWord) refers to stm32f4xx_flash.o(i.FLASH_WaitForLastOperation) for FLASH_WaitForLastOperation
    stm32f4xx_flash.o(i.FLASH_ProgramHalfWord) refers to stm32f4xx_flash.o(i.FLASH_WaitForLastOperation) for FLASH_WaitForLastOperation
    stm32f4xx_flash.o(i.FLASH_ProgramWord) refers to stm32f4xx_flash.o(i.FLASH_WaitForLastOperation) for FLASH_WaitForLastOperation
    stm32f4xx_flash.o(i.FLASH_WaitForLastOperation) refers to stm32f4xx_flash.o(i.FLASH_GetStatus) for FLASH_GetStatus
    stm32f4xx_gpio.o(i.GPIO_DeInit) refers to stm32f4xx_rcc.o(i.RCC_AHB1PeriphResetCmd) for RCC_AHB1PeriphResetCmd
[...]
    __Vectors_Size                           0x00000188   Number         0  startup_stm32f407xx.o ABSOLUTE
    __Vectors                                0x08000000   Data           4  startup_stm32f407xx.o(RESET)
    __Vectors_End                            0x08000188   Data           0  startup_stm32f407xx.o(RESET)
    __main                                   0x08000189   Thumb Code     8  __main.o(!!!main)
    __scatterload                            0x08000191   Thumb Code     0  __scatter.o(!!!scatter)
    __scatterload_rt2                        0x08000191   Thumb Code    44  __scatter.o(!!!scatter)
    __scatterload_rt2_thumb_only             0x08000191   Thumb Code     0  __scatter.o(!!!scatter)
    __scatterload_null                       0x0800019f   Thumb Code     0  __scatter.o(!!!scatter)
    __decompress                             0x080001c5   Thumb Code    90  __dczerorl2.o(!!dczerorl2)
    __decompress1                            0x080001c5   Thumb Code     0  __dczerorl2.o(!!dczerorl2)
    __scatterload_zeroinit                   0x08000221   Thumb Code    28  __scatter_zi.o(!!handler_zi)
    _printf_d                                0x0800023d   Thumb Code     0  _printf_d.o(.ARM.Collect$$_printf_percent$$00000009)
    _printf_percent                          0x0800023d   Thumb Code     0  _printf_percent.o(.ARM.Collect$$_printf_percent$$00000000)
    _printf_s                                0x08000243   Thumb Code     0  _printf_s.o(.ARM.Collect$$_printf_percent$$00000014)
    _printf_percent_end                      0x08000249   Thumb Code     0  _printf_percent_end.o(.ARM.Collect$$_printf_percent$$00000017)
    __rt_lib_init                            0x0800024d   Thumb Code     0  libinit.o(.ARM.Collect$$libinit$$00000000)
    __rt_lib_init_fp_1                       0x0800024f   Thumb Code     0  libinit2.o(.ARM.Collect$$libinit$$00000001)
    __rt_lib_init_alloca_1                   0x08000253   Thumb Code     0  libinit2.o(.ARM.Collect$$libinit$$0000002E)
    __rt_lib_init_argv_1                     0x08000253   Thumb Code     0  libinit2.o(.ARM.Collect$$libinit$$0000002C)
    __rt_lib_init_atexit_1                   0x08000253   Thumb Code     0  libinit2.o(.ARM.Collect$$libinit$$0000001B)
    __rt_lib_init_clock_1                    0x08000253   Thumb Code     0  libinit2.o(.ARM.Collect$$libinit$$00000021)
    __rt_lib_init_cpp_1                      0x08000253   Thumb Code     0  libinit2.o(.ARM.Collect$$libinit$$00000032)
    __rt_lib_init_exceptions_1               0x08000253   Thumb Code     0  libinit2.o(.ARM.Collect$$libinit$$00000030)
    __rt_lib_init_fp_trap_1                  0x08000253   Thumb Code     0  libinit2.o(.ARM.Collect$$libinit$$0000001F)
    __rt_lib_init_getenv_1                   0x08000253   Thumb Code     0  libinit2.o(.ARM.Collect$$libinit$$00000023)
    __rt_lib_init_heap_1                     0x08000253   Thumb Code     0  libinit2.o(.ARM.Collect$$libinit$$0000000A)
    __rt_lib_init_lc_collate_1               0x08000253   Thumb Code     0  libinit2.o(.ARM.Collect$$libinit$$00000011)
    __rt_lib_init_lc_ctype_1                 0x08000253   Thumb Code     0  libinit2.o(.ARM.Collect$$libinit$$00000013)
    __rt_lib_init_lc_monetary_1              0x08000253   Thumb Code     0  libinit2.o(.ARM.Collect$$libinit$$00000015)
    __rt_lib_init_lc_numeric_1               0x08000253   Thumb Code     0  libinit2.o(.ARM.Collect$$libinit$$00000017)
    __rt_lib_init_lc_time_1                  0x08000253   Thumb Code     0  libinit2.o(.ARM.Collect$$libinit$$00000019)
    __rt_lib_init_preinit_1                  0x08000253   Thumb Code     0  libinit2.o(.ARM.Collect$$libinit$$00000004)
    __rt_lib_init_rand_1                     0x08000253   Thumb Code     0  libinit2.o(.ARM.Collect$$libinit$$0000000E)
    __rt_lib_init_return                     0x08000253   Thumb Code     0  libinit2.o(.ARM.Collect$$libinit$$00000033)
    __rt_lib_init_signal_1                   0x08000253   Thumb Code     0  libinit2.o(.ARM.Collect$$libinit$$0000001D)
    __rt_lib_init_stdio_1                    0x08000253   Thumb Code     0  libinit2.o(.ARM.Collect$$libinit$$00000025)
    __rt_lib_init_user_alloc_1               0x08000253   Thumb Code     0  libinit2.o(.ARM.Collect$$libinit$$0000000C)
    __rt_lib_shutdown                        0x08000255   Thumb Code     0  libshutdown.o(.ARM.Collect$$libshutdown$$00000000)
    __rt_lib_shutdown_cpp_1                  0x08000257   Thumb Code     0  libshutdown2.o(.ARM.Collect$$libshutdown$$00000002)
    __rt_lib_shutdown_fp_trap_1              0x08000257   Thumb Code     0  libshutdown2.o(.ARM.Collect$$libshutdown$$00000007)
    __rt_lib_shutdown_heap_1                 0x08000257   Thumb Code     0  libshutdown2.o(.ARM.Collect$$libshutdown$$0000000F)
    __rt_lib_shutdown_return                 0x08000257   Thumb Code     0  libshutdown2.o(.ARM.Collect$$libshutdown$$00000010)
    __rt_lib_shutdown_signal_1               0x08000257   Thumb Code     0  libshutdown2.o(.ARM.Collect$$libshutdown$$0000000A)
    __rt_lib_shutdown_stdio_1                0x08000257   Thumb Code     0  libshutdown2.o(.ARM.Collect$$libshutdown$$00000004)
    __rt_lib_shutdown_user_alloc_1           0x08000257   Thumb Code     0  libshutdown2.o(.ARM.Collect$$libshutdown$$0000000C)
    __rt_entry                               0x08000259   Thumb Code     0  __rtentry.o(.ARM.Collect$$rtentry$$00000000)
    __rt_entry_presh_1                       0x08000259   Thumb Code     0  __rtentry2.o(.ARM.Collect$$rtentry$$00000002)
    __rt_entry_sh                            0x08000259   Thumb Code     0  __rtentry4.o(.ARM.Collect$$rtentry$$00000004)
    __rt_entry_li                            0x0800025f   Thumb Code     0  __rtentry2.o(.ARM.Collect$$rtentry$$0000000A)
    __rt_entry_postsh_1                      0x0800025f   Thumb Code     0  __rtentry2.o(.ARM.Collect$$rtentry$$00000009)
    __rt_entry_main                          0x08000263   Thumb Code     0  __rtentry2.o(.ARM.Collect$$rtentry$$0000000D)
    __rt_entry_postli_1                      0x08000263   Thumb Code     0  __rtentry2.o(.ARM.Collect$$rtentry$$0000000C)
    __rt_exit                                0x0800026b   Thumb Code     0  rtexit.o(.ARM.Collect$$rtexit$$00000000)
    __rt_exit_ls                             0x0800026d   Thumb Code     0  rtexit2.o(.ARM.Collect$$rtexit$$00000003)
    __rt_exit_prels_1                        0x0800026d   Thumb Code     0  rtexit2.o(.ARM.Collect$$rtexit$$00000002)
    __rt_exit_exit                           0x08000271   Thumb Code     0  rtexit2.o(.ARM.Collect$$rtexit$$00000004)
    SVC_Handler                              0x08000279   Thumb Code    28  port.o(.emb_text)
    __asm___6_port_c_39a90d8d__prvStartFirstTask 0x08000299   Thumb Code    36  port.o(.emb_text)
    __asm___6_port_c_39a90d8d__prvEnableVFP  0x080002c1   Thumb Code    16  port.o(.emb_text)
    PendSV_Handler                           0x080002d5   Thumb Code    88  port.o(.emb_text)
    vPortGetIPSR                             0x08000331   Thumb Code     6  port.o(.emb_text)
    Reset_Handler                            0x08000339   Thumb Code     8  startup_stm32f407xx.o(.text)
    NMI_Handler                              0x08000341   Thumb Code     2  startup_stm32f407xx.o(.text)
    HardFault_Handler                        0x08000343   Thumb Code     2  startup_stm32f407xx.o(.text)
    MemManage_Handler                        0x08000345   Thumb Code     2  startup_stm32f407xx.o(.text)
    BusFault_Handler                         0x08000347   Thumb Code     2  startup_stm32f407xx.o(.text)
    UsageFault_Handler                       0x08000349   Thumb Code     2  startup_stm32f407xx.o(.text)
    DebugMon_Handler                         0x0800034d   Thumb Code     2  startup_stm32f407xx.o(.text)
    ADC_IRQHandler                           0x08000353   Thumb Code     0  startup_stm32f407xx.o(.text)
    CAN1_RX0_IRQHandler                      0x08000353   Thumb Code     0  startup_stm32f407xx.o(.text)
    CAN1_RX1_IRQHandler                      0x08000353   Thumb Code     0  startup_stm32f407xx.o(.text)
    CAN1_SCE_IRQHandler                      0x08000353   Thumb Code     0  startup_stm32f407xx.o(.text)
    CAN1_TX_IRQHandler                       0x08000353   Thumb Code     0  startup_stm32f407xx.o(.text)
    CAN2_RX0_IRQHandler                      0x08000353   Thumb Code     0  startup_stm32f407xx.o(.text)
    CAN2_RX1_IRQHandler                      0x08000353   Thumb Code     0  startup_stm32f407xx.o(.text)
    CAN2_SCE_IRQHandler                      0x08000353   Thumb Code     0  startup_stm32f407xx.o(.text)
    CAN2_TX_IRQHandler                       0x08000353   Thumb Code     0  startup_stm32f407xx.o(.text)
    DCMI_IRQHandler                          0x08000353   Thumb Code     0  startup_stm32f407xx.o(.text)
    DMA1_Stream0_IRQHandler                  0x08000353   Thumb Code     0  startup_stm32f407xx.o(.text)
    DMA1_Stream1_IRQHandler                  0x08000353   Thumb Code     0  startup_stm32f407xx.o(.text)
    DMA1_Stream2_IRQHandler                  0x08000353   Thumb Code     0  startup_stm32f407xx.o(.text)
    DMA1_Stream3_IRQHandler                  0x08000353   Thumb Code     0  startup_stm32f407xx.o(.text)
    DMA1_Stream4_IRQHandler                  0x08000353   Thumb Code     0  startup_stm32f407xx.o(.text)
    DMA1_Stream5_IRQHandler                  0x08000353   Thumb Code     0  startup_stm32f407xx.o(.text)
    DMA1_Stream6_IRQHandler                  0x08000353   Thumb Code     0  startup_stm32f407xx.o(.text)
    DMA1_Stream7_IRQHandler                  0x08000353   Thumb Code     0  startup_stm32f407xx.o(.text)
    DMA2_Stream0_IRQHandler                  0x08000353   Thumb Code     0  startup_stm32f407xx.o(.text)
    DMA2_Stream1_IRQHandler                  0x08000353   Thumb Code     0  startup_stm32f407xx.o(.text)
    DMA2_Stream2_IRQHandler                  0x08000353   Thumb Code     0  startup_stm32f407xx.o(.text)
    DMA2_Stream3_IRQHandler                  0x08000353   Thumb Code     0  startup_stm32f407xx.o(.text)
    DMA2_Stream4_IRQHandler                  0x08000353   Thumb Code     0  startup_stm32f407xx.o(.text)
    DMA2_Stream5_IRQHandler                  0x08000353   Thumb Code     0  startup_stm32f407xx.o(.text)
    DMA2_Stream6_IRQHandler                  0x08000353   Thumb Code     0  startup_stm32f407xx.o(.text)
    DMA2_Stream7_IRQHandler                  0x08000353   Thumb Code     0  startup_stm32f407xx.o(.text)
    ETH_IRQHandler                           0x08000353   Thumb Code     0  startup_stm32f407xx.o(.text)
    ETH_WKUP_IRQHandler                      0x08000353   Thumb Code     0  startup_stm32f407xx.o(.text)
    FLASH_IRQHandler                         0x08000353   Thumb Code     0  startup_stm32f407xx.o(.text)
    FMC_IRQHandler                           0x08000353   Thumb Code     0  startup_stm32f407xx.o(.text)
    FPU_IRQHandler                           0x08000353   Thumb Code     0  startup_stm32f407xx.o(.text)
    HASH_RNG_IRQHandler                      0x08000353   Thumb Code     0  startup_stm32f407xx.o(.text)
    I2C1_ER_IRQHandler                       0x08000353   Thumb Code     0  startup_stm32f407xx.o(.text)
    I2C1_EV_IRQHandler                       0x08000353   Thumb Code     0  startup_stm32f407xx.o(.text)
    I2C2_ER_IRQHandler                       0x08000353   Thumb Code     0  startup_stm32f407xx.o(.text)
    I2C2_EV_IRQHandler                       0x08000353   Thumb Code     0  startup_stm32f407xx.o(.text)
    I2C3_ER_IRQHandler                       0x08000353   Thumb Code     0  startup_stm32f407xx.o(.text)
    I2C3_EV_IRQHandler                       0x08000353   Thumb Code     0  startup_stm32f407xx.o(.text)
    OTG_FS_IRQHandler                        0x08000353   Thumb Code     0  startup_stm32f407xx.o(.text)
    OTG_FS_WKUP_IRQHandler                   0x08000353   Thumb Code     0  startup_stm32f407xx.o(.text)
    OTG_HS_EP1_IN_IRQHandler                 0x08000353   Thumb Code     0  startup_stm32f407xx.o(.text)
    OTG_HS_EP1_OUT_IRQHandler                0x08000353   Thumb Code     0  startup_stm32f407xx.o(.text)
    OTG_HS_IRQHandler                        0x08000353   Thumb Code     0  startup_stm32f407xx.o(.text)
    OTG_HS_WKUP_IRQHandler                   0x08000353   Thumb Code     0  startup_stm32f407xx.o(.text)
    PVD_IRQHandler                           0x08000353   Thumb Code     0  startup_stm32f407xx.o(.text)
    RCC_IRQHandler                           0x08000353   Thumb Code     0  startup_stm32f407xx.o(.text)
    RTC_Alarm_IRQHandler                     0x08000353   Thumb Code     0  startup_stm32f407xx.o(.text)
    RTC_WKUP_IRQHandler                      0x08000353   Thumb Code     0  startup_stm32f407xx.o(.text)
    SDIO_IRQHandler                          0x08000353   Thumb Code     0  startup_stm32f407xx.o(.text)
    SPI1_IRQHandler                          0x08000353   Thumb Code     0  startup_stm32f407xx.o(.text)
    SPI2_IRQHandler                          0x08000353   Thumb Code     0  startup_stm32f407xx.o(.text)
    SPI3_IRQHandler                          0x08000353   Thumb Code     0  startup_stm32f407xx.o(.text)
    TAMP_STAMP_IRQHandler                    0x08000353   Thumb Code     0  startup_stm32f407xx.o(.text)
    TIM1_BRK_TIM9_IRQHandler                 0x08000353   Thumb Code     0  startup_stm32f407xx.o(.text)
    TIM1_TRG_COM_TIM11_IRQHandler            0x08000353   Thumb Code     0  startup_stm32f407xx.o(.text)
    TIM1_UP_TIM10_IRQHandler                 0x08000353   Thumb Code     0  startup_stm32f407xx.o(.text)
    TIM5_IRQHandler                          0x08000353   Thumb Code     0  startup_stm32f407xx.o(.text)
    TIM6_DAC_IRQHandler                      0x08000353   Thumb Code     0  startup_stm32f407xx.o(.text)
    TIM7_IRQHandler                          0x08000353   Thumb Code     0  startup_stm32f407xx.o(.text)
    TIM8_BRK_TIM12_IRQHandler                0x08000353   Thumb Code     0  startup_stm32f407xx.o(.text)
    TIM8_CC_IRQHandler                       0x08000353   Thumb Code     0  startup_stm32f407xx.o(.text)
    TIM8_TRG_COM_TIM14_IRQHandler            0x08000353   Thumb Code     0  startup_stm32f407xx.o(.text)
    TIM8_UP_TIM13_IRQHandler                 0x08000353   Thumb Code     0  startup_stm32f407xx.o(.text)
    UART4_IRQHandler                         0x08000353   Thumb Code     0  startup_stm32f407xx.o(.text)
    UART5_IRQHandler                         0x08000353   Thumb Code     0  startup_stm32f407xx.o(.text)
    USART2_IRQHandler                        0x08000353   Thumb Code     0  startup_stm32f407xx.o(.text)
    WWDG_IRQHandler                          0x08000353   Thumb Code     0  startup_stm32f407xx.o(.text)
    __user_initial_stackheap                 0x08000355   Thumb Code     0  startup_stm32f407xx.o(.text)
    __2printf                                0x08000379   Thumb Code    20  noretval__2printf.o(.text)
    __printf                                 0x08000391   Thumb Code   104  __printf.o(.text)
    _printf_str                              0x080003f9   Thumb Code    82  _printf_str.o(.text)
    _printf_int_dec                          0x0800044d   Thumb Code   104  _printf_dec.o(.text)
    strchr                                   0x080004c5   Thumb Code    20  strchr.o(.text)
    __aeabi_memcpy                           0x080004d9   Thumb Code     0  rt_memcpy_v6.o(.text)
    __rt_memcpy                              0x080004d9   Thumb Code   138  rt_memcpy_v6.o(.text)
    _memcpy_lastbytes                        0x0800053f   Thumb Code     0  rt_memcpy_v6.o(.text)
    __aeabi_memcpy4                          0x08000563   Thumb Code     0  rt_memcpy_w.o(.text)
    __aeabi_memcpy8                          0x08000563   Thumb Code     0  rt_memcpy_w.o(.text)
    __rt_memcpy_w                            0x08000563   Thumb Code   100  rt_memcpy_w.o(.text)
    _memcpy_lastbytes_aligned                0x080005ab   Thumb Code     0  rt_memcpy_w.o(.text)
    __aeabi_memset                           0x080005c7   Thumb Code    16  aeabi_memset.o(.text)
    __aeabi_memclr                           0x080005d7   Thumb Code     0  rt_memclr.o(.text)
    __rt_memclr                              0x080005d7   Thumb Code    68  rt_memclr.o(.text)
    _memset                                  0x080005db   Thumb Code     0  rt_memclr.o(.text)
    __aeabi_memclr4                          0x0800061b   Thumb Code     0  rt_memclr_w.o(.text)
    __aeabi_memclr8                          0x0800061b   Thumb Code     0  rt_memclr_w.o(.text)
    __rt_memclr_w                            0x0800061b   Thumb Code    78  rt_memclr_w.o(.text)
    _memset_w                                0x0800061f   Thumb Code     0  rt_memclr_w.o(.text)
    strncpy                                  0x08000669   Thumb Code    86  strncpy.o(.text)
    __use_two_region_memory                  0x080006bf   Thumb Code     2  heapauxi.o(.text)
    __rt_heap_escrow$2region                 0x080006c1   Thumb Code     2  heapauxi.o(.text)
    __rt_heap_expand$2region                 0x080006c3   Thumb Code     2  heapauxi.o(.text)
    _printf_int_common                       0x080006c5   Thumb Code   178  _printf_intcommon.o(.text)
    _printf_cs_common                        0x08000777   Thumb Code    20  _printf_char.o(.text)
    _printf_char                             0x0800078b   Thumb Code    16  _printf_char.o(.text)
    _printf_string                           0x0800079b   Thumb Code     8  _printf_char.o(.text)
    _printf_char_file                        0x080007a5   Thumb Code    32  _printf_char_file.o(.text)
    __user_libspace                          0x080007c9   Thumb Code     8  libspace.o(.text)
    __user_perproc_libspace                  0x080007c9   Thumb Code     0  libspace.o(.text)
    __user_perthread_libspace                0x080007c9   Thumb Code     0  libspace.o(.text)
    _printf_char_common                      0x080007db   Thumb Code    32  _printf_char_common.o(.text)
    ferror                                   0x08000801   Thumb Code     8  ferror.o(.text)
    __user_setup_stackheap                   0x08000809   Thumb Code    74  sys_stackheap_outer.o(.text)
    exit                                     0x08000853   Thumb Code    18  exit.o(.text)
    __I$use$semihosting                      0x08000865   Thumb Code     0  use_no_semi.o(.text)
    __use_no_semihosting_swi                 0x08000865   Thumb Code     2  use_no_semi.o(.text)
    __semihosting_library_function           0x08000867   Thumb Code     0  indicate_semi.o(.text)
    _sys_exit                                0x08000869   Thumb Code     8  sys_exit.o(.text)
    DMA_Cmd                                  0x08000875   Thumb Code    20  stm32f4xx_dma.o(i.DMA_Cmd)
    DMA_DeInit                               0x08000889   Thumb Code   272  stm32f4xx_dma.o(i.DMA_DeInit)
    DMA_GetCurrDataCounter                   0x080009ad   Thumb Code     6  stm32f4xx_dma.o(i.DMA_GetCurrDataCounter)
    DMA_ITConfig                             0x080009b3   Thumb Code    44  stm32f4xx_dma.o(i.DMA_ITConfig)
    DMA_Init                                 0x080009e1   Thumb Code    80  stm32f4xx_dma.o(i.DMA_Init)
    DMA_MemoryTargetConfig                   0x08000a35   Thumb Code    10  stm32f4xx_dma.o(i.DMA_MemoryTargetConfig)
    DMA_SetCurrDataCounter                   0x08000a3f   Thumb Code     4  stm32f4xx_dma.o(i.DMA_SetCurrDataCounter)
    DMA_StructInit                           0x08000a43   Thumb Code    34  stm32f4xx_dma.o(i.DMA_StructInit)
    EXTI0_IRQHandler                         0x08000a65   Thumb Code     4  exti.o(i.EXTI0_IRQHandler)
    EXTI15_10_IRQHandler                     0x08000a69   Thumb Code     4  exti.o(i.EXTI15_10_IRQHandler)
    EXTI1_IRQHandler                         0x08000a6d   Thumb Code     4  exti.o(i.EXTI1_IRQHandler)
    EXTI2_IRQHandler                         0x08000a71   Thumb Code     4  exti.o(i.EXTI2_IRQHandler)
    EXTI3_IRQHandler                         0x08000a75   Thumb Code     4  exti.o(i.EXTI3_IRQHandler)
    EXTI4_IRQHandler                         0x08000a79   Thumb Code     4  exti.o(i.EXTI4_IRQHandler)
    EXTI9_5_IRQHandler                       0x08000a7d   Thumb Code     4  exti.o(i.EXTI9_5_IRQHandler)
    EXTIConfig                               0x08000a81   Thumb Code   132  exti.o(i.EXTIConfig)
    EXTIEnable                               0x08000b11   Thumb Code    28  exti.o(i.EXTIEnable)
    EXTIHandlerInit                          0x08000b31   Thumb Code     4  exti.o(i.EXTIHandlerInit)
    EXTIInit                                 0x08000b35   Thumb Code    32  exti.o(i.EXTIInit)
    EXTI_ClearITPendingBit                   0x08000b5d   Thumb Code     6  stm32f4xx_exti.o(i.EXTI_ClearITPendingBit)
    EXTI_IRQHandler                          0x08000b69   Thumb Code    56  exti.o(i.EXTI_IRQHandler)
    EXTI_Init                                0x08000ba9   Thumb Code   108  stm32f4xx_exti.o(i.EXTI_Init)
    EnableGPIOClk                            0x08000c19   Thumb Code   110  main.o(i.EnableGPIOClk)
    GPIO_Init                                0x08000cad   Thumb Code   162  stm32f4xx_gpio.o(i.GPIO_Init)
    GPIO_PinAFConfig                         0x08000d4f   Thumb Code    32  stm32f4xx_gpio.o(i.GPIO_PinAFConfig)
    GPIO_StructInit                          0x08000d6f   Thumb Code    18  stm32f4xx_gpio.o(i.GPIO_StructInit)
    IOConfigGPIO                             0x08000d81   Thumb Code    68  io.o(i.IOConfigGPIO)
    IOConfigGPIOAF                           0x08000dc9   Thumb Code    86  io.o(i.IOConfigGPIOAF)
    IOGetByTag                               0x08000e25   Thumb Code    98  io.o(i.IOGetByTag)
    IOGlobalInit                             0x08000e91   Thumb Code    52  io.o(i.IOGlobalInit)
    IOHi                                     0x08000ed1   Thumb Code    12  io.o(i.IOHi)
    IOInit                                   0x08000edd   Thumb Code     6  io.o(i.IOInit)
    IOToggle                                 0x08000ee3   Thumb Code    20  io.o(i.IOToggle)
    IOWrite                                  0x08000ef7   Thumb Code    18  io.o(i.IOWrite)
    IO_EXTI_Line                             0x08000f09   Thumb Code    18  io.o(i.IO_EXTI_Line)
    IO_EXTI_PinSource                        0x08000f1b   Thumb Code     4  io.o(i.IO_EXTI_PinSource)
    IO_EXTI_PortSourceGPIO                   0x08000f1f   Thumb Code     4  io.o(i.IO_EXTI_PortSourceGPIO)
    IO_GPIOPinIdx                            0x08000f23   Thumb Code    20  io.o(i.IO_GPIOPinIdx)
    IO_GPIOPortIdx                           0x08000f39   Thumb Code    18  io.o(i.IO_GPIOPortIdx)
    IO_GPIO_PinSource                        0x08000f51   Thumb Code     4  io.o(i.IO_GPIO_PinSource)
    LedInit                                  0x08000f55   Thumb Code   128  led.o(i.LedInit)
    LedSet                                   0x08000fdd   Thumb Code    32  led.o(i.LedSet)
    LedToggle                                0x08001005   Thumb Code    10  led.o(i.LedToggle)
    NVIC_Init                                0x08001015   Thumb Code    96  misc.o(i.NVIC_Init)
    NVIC_PriorityGroupConfig                 0x08001079   Thumb Code    10  misc.o(i.NVIC_PriorityGroupConfig)
    RCC_AHB1PeriphClockCmd                   0x0800108d   Thumb Code    18  stm32f4xx_rcc.o(i.RCC_AHB1PeriphClockCmd)
    RCC_AHB1PeriphResetCmd                   0x080010a5   Thumb Code    18  stm32f4xx_rcc.o(i.RCC_AHB1PeriphResetCmd)
    RCC_AHB2PeriphClockCmd                   0x080010bd   Thumb Code    18  stm32f4xx_rcc.o(i.RCC_AHB2PeriphClockCmd)
    RCC_APB1PeriphClockCmd                   0x080010d5   Thumb Code    18  stm32f4xx_rcc.o(i.RCC_APB1PeriphClockCmd)
    RCC_APB1PeriphResetCmd                   0x080010ed   Thumb Code    18  stm32f4xx_rcc.o(i.RCC_APB1PeriphResetCmd)
    RCC_APB2PeriphClockCmd                   0x08001105   Thumb Code    18  stm32f4xx_rcc.o(i.RCC_APB2PeriphClockCmd)
    RCC_APB2PeriphResetCmd                   0x0800111d   Thumb Code    18  stm32f4xx_rcc.o(i.RCC_APB2PeriphResetCmd)
    RCC_ClearFlag                            0x08001135   Thumb Code    12  stm32f4xx_rcc.o(i.RCC_ClearFlag)
    RCC_ClockCmd                             0x08001145   Thumb Code    36  rcc.o(i.RCC_ClockCmd)
    RCC_GetClocksFreq                        0x08001169   Thumb Code   132  stm32f4xx_rcc.o(i.RCC_GetClocksFreq)
    RCC_ResetCmd                             0x080011f9   Thumb Code    36  rcc.o(i.RCC_ResetCmd)
    ResetLedStatusConfig                     0x0800121d   Thumb Code    32  config.o(i.ResetLedStatusConfig)
    ResetLedTimerConfig                      0x0800123d   Thumb Code    40  config.o(i.ResetLedTimerConfig)
    ResetMotorConfig                         0x08001269   Thumb Code    70  config.o(i.ResetMotorConfig)
    ResetSerialConfig                        0x080012b5   Thumb Code    54  config.o(i.ResetSerialConfig)
    ResetSerialPinConfig                     0x080012f1   Thumb Code    94  config.o(i.ResetSerialPinConfig)
    SPI_Cmd                                  0x08001355   Thumb Code    20  stm32f4xx_spi.o(i.SPI_Cmd)
    SPI_I2S_DeInit                           0x08001369   Thumb Code   108  stm32f4xx_spi.o(i.SPI_I2S_DeInit)
    SPI_Init                                 0x080013ed   Thumb Code    56  stm32f4xx_spi.o(i.SPI_Init)
    SYSCFG_EXTILineConfig                    0x08001425   Thumb Code    42  stm32f4xx_syscfg.o(i.SYSCFG_EXTILineConfig)
    SetSysClock                              0x08001455   Thumb Code   162  system_stm32f4xx.o(i.SetSysClock)
    SysTick_Handler                          0x08001509   Thumb Code    20  system.o(i.SysTick_Handler)
    SysTick_Init                             0x0800151d   Thumb Code    24  system.o(i.SysTick_Init)
    SystemInit                               0x08001541   Thumb Code    74  system_stm32f4xx.o(i.SystemInit)
    TIM1_CC_IRQHandler                       0x0800159d   Thumb Code     8  timer.o(i.TIM1_CC_IRQHandler)
    TIM2_IRQHandler                          0x080015ad   Thumb Code    10  timer.o(i.TIM2_IRQHandler)
    TIM3_IRQHandler                          0x080015bd   Thumb Code     8  timer.o(i.TIM3_IRQHandler)
    TIM4_IRQHandler                          0x080015cd   Thumb Code     8  timer.o(i.TIM4_IRQHandler)
    TIM_Cmd                                  0x080015dd   Thumb Code    20  stm32f4xx_tim.o(i.TIM_Cmd)
    TIM_ITConfig                             0x080015f1   Thumb Code    16  stm32f4xx_tim.o(i.TIM_ITConfig)
    TIM_TimeBaseInit                         0x08001601   Thumb Code    96  stm32f4xx_tim.o(i.TIM_TimeBaseInit)
    TIM_TimeBaseStructInit                   0x0800167d   Thumb Code    18  stm32f4xx_tim.o(i.TIM_TimeBaseStructInit)
    TimerInitForFreeRTOS                     0x0800168f   Thumb Code    48  main.o(i.TimerInitForFreeRTOS)
    USART1_IRQHandler                        0x080016c1   Thumb Code    10  serial_uart_stm32f4xx.o(i.USART1_IRQHandler)
    USART3_IRQHandler                        0x080016d1   Thumb Code    10  serial_uart_stm32f4xx.o(i.USART3_IRQHandler)
    USART6_IRQHandler                        0x080016e1   Thumb Code    10  serial_uart_stm32f4xx.o(i.USART6_IRQHandler)
    USART_ClearITPendingBit                  0x080016f1   Thumb Code    12  stm32f4xx_usart.o(i.USART_ClearITPendingBit)
    USART_Cmd                                0x080016fd   Thumb Code    20  stm32f4xx_usart.o(i.USART_Cmd)
    USART_DMACmd                             0x08001711   Thumb Code    16  stm32f4xx_usart.o(i.USART_DMACmd)
    USART_GetITStatus                        0x08001721   Thumb Code    62  stm32f4xx_usart.o(i.USART_GetITStatus)
    USART_HalfDuplexCmd                      0x0800175f   Thumb Code    20  stm32f4xx_usart.o(i.USART_HalfDuplexCmd)
    USART_ITConfig                           0x08001773   Thumb Code    48  stm32f4xx_usart.o(i.USART_ITConfig)
    USART_Init                               0x080017a5   Thumb Code   164  stm32f4xx_usart.o(i.USART_Init)
    USART_SendData                           0x08001851   Thumb Code     8  stm32f4xx_usart.o(i.USART_SendData)
    activateConfig                           0x08001859   Thumb Code    38  config.o(i.activateConfig)
    buttonInit                               0x0800189d   Thumb Code    72  button.o(i.buttonInit)
    checkEEPROMContainsValidData             0x080018f1   Thumb Code     4  config.o(i.checkEEPROMContainsValidData)
    configTimeBaseKhz                        0x080018f5   Thumb Code    70  timer.o(i.configTimeBaseKhz)
    createDefaultConfig                      0x08001951   Thumb Code   496  config.o(i.createDefaultConfig)
    delay                                    0x08001b5d   Thumb Code    22  system.o(i.delay)
    delayMicroseconds                        0x08001b75   Thumb Code    48  system.o(i.delayMicroseconds)
    feature                                  0x08001ba9   Thumb Code    16  feature.o(i.feature)
    featureClear                             0x08001bbd   Thumb Code    10  feature.o(i.featureClear)
    featureConfigured                        0x08001bcd   Thumb Code    16  feature.o(i.featureConfigured)
    featureSet                               0x08001be1   Thumb Code    10  feature.o(i.featureSet)
    findNextSerialPortConfig                 0x08001bf1   Thumb Code    36  serial.o(i.findNextSerialPortConfig)
    findSerialPortConfig                     0x08001c19   Thumb Code    10  serial.o(i.findSerialPortConfig)
    findSerialPortIndexByIdentifier          0x08001c29   Thumb Code    24  serial.o(i.findSerialPortIndexByIdentifier)
    findSerialPortUsageByIdentifier          0x08001c45   Thumb Code    36  serial.o(i.findSerialPortUsageByIdentifier)
    fputc                                    0x08001c6d   Thumb Code    14  main.o(i.fputc)
    generateThrottleCurve                    0x08001c7d   Thumb Code   116  fc_rc.o(i.generateThrottleCurve)
    initEEPROM                               0x08001cf9   Thumb Code     2  config_eeprom.o(i.initEEPROM)
    intFeatureClearAll                       0x08001cfb   Thumb Code     6  feature.o(i.intFeatureClearAll)
    intFeatureSet                            0x08001d01   Thumb Code     8  feature.o(i.intFeatureSet)
    isModeActivationConditionPresent         0x08001d09   Thumb Code    38  rc_controls.o(i.isModeActivationConditionPresent)
    isUartTransmitBufferEmpty                0x08001d2f   Thumb Code    26  serial_uart.o(i.isUartTransmitBufferEmpty)
    key_task                                 0x08001d49   Thumb Code    60  main.o(i.key_task)
    latchActiveFeatures                      0x08001db1   Thumb Code    10  feature.o(i.latchActiveFeatures)
    main                                     0x08001dc5   Thumb Code   186  main.o(i.main)
    micros                                   0x08001ead   Thumb Code    74  system.o(i.micros)
    microsISR                                0x08001f01   Thumb Code    72  system.o(i.microsISR)
    millis                                   0x08001f4d   Thumb Code     6  system.o(i.millis)
    mixerUseConfigs                          0x08001f59   Thumb Code     8  mixer.o(i.mixerUseConfigs)
    openSerialPort                           0x08001f6d   Thumb Code    94  serial.o(i.openSerialPort)
    parseRcChannels                          0x08001fd9   Thumb Code    50  rx.o(i.parseRcChannels)
    pvPortMalloc                             0x08002751   Thumb Code   210  heap_4.o(i.pvPortMalloc)
    pxPortInitialiseStack                    0x08002829   Thumb Code    40  port.o(i.pxPortInitialiseStack)
    readEEPROM                               0x08002855   Thumb Code    24  config_eeprom.o(i.readEEPROM)
    resetAllRxChannelRangeConfigurations     0x08002871   Thumb Code    24  rx.o(i.resetAllRxChannelRangeConfigurations)
    resetEEPROM                              0x08002889   Thumb Code    18  config.o(i.resetEEPROM)
    resetProfile                             0x08002965   Thumb Code    92  config.o(i.resetProfile)
    resetRcControlsConfig                    0x080029c1   Thumb Code    16  config.o(i.resetRcControlsConfig)
    rxInit                                   0x080029d1   Thumb Code   180  rx.o(i.rxInit)
    rxSerial3TestInit                        0x08002aa9   Thumb Code    40  rxserial3test.o(i.rxSerial3TestInit)
    rxSerial3TestWrite                       0x08002ad5   Thumb Code    10  rxserial3test.o(i.rxSerial3TestWrite)
    sbusInit                                 0x08002c0d   Thumb Code   104  sbus.o(i.sbusInit)
    serialInit                               0x08002ca5   Thumb Code    38  serial.o(i.serialInit)
    serialRxInit                             0x08002cd9   Thumb Code    18  rx.o(i.serialRxInit)
    serialUART                               0x08002ced   Thumb Code   264  serial_uart_stm32f4xx.o(i.serialUART)
    serialUART1                              0x08002dfd   Thumb Code    12  serial_uart_stm32f4xx.o(i.serialUART1)
    serialUART3                              0x08002e09   Thumb Code    12  serial_uart_stm32f4xx.o(i.serialUART3)
    serialUART6                              0x08002e15   Thumb Code    12  serial_uart_stm32f4xx.o(i.serialUART6)
    serialWrite                              0x08002e21   Thumb Code     6  serial.o(i.serialWrite)
    setProfile                               0x08002e29   Thumb Code    42  config.o(i.setProfile)
    spiInit                                  0x08002e5d   Thumb Code    28  bus_spi.o(i.spiInit)
    spiInitDevice                            0x08002e79   Thumb Code   258  bus_spi.o(i.spiInitDevice)
    start_task                               0x08002f91   Thumb Code    90  main.o(i.start_task)
    systemInit                               0x08003021   Thumb Code    70  main.o(i.systemInit)
    targetConfiguration                      0x08003071   Thumb Code    54  config.o(i.targetConfiguration)
    task1_task                               0x080030a9   Thumb Code    30  main.o(i.task1_task)
    task2_task                               0x080030e9   Thumb Code    30  main.o(i.task2_task)
    timerClockDivisor                        0x080031a5   Thumb Code    38  timer_stm32f4xx.o(i.timerClockDivisor)
    timerInit                                0x080031e1   Thumb Code   120  timer.o(i.timerInit)
    timerNVICConfigure4FreeRTOS              0x08003265   Thumb Code    28  timer.o(i.timerNVICConfigure4FreeRTOS)
    timerRCC                                 0x08003281   Thumb Code    30  timer.o(i.timerRCC)
    uartIrqHandler                           0x080032a5   Thumb Code   150  serial_uart_stm32f4xx.o(i.uartIrqHandler)
    uartOpen                                 0x0800333d   Thumb Code   360  serial_uart.o(i.uartOpen)
    uartRead                                 0x080034b1   Thumb Code    44  serial_uart.o(i.uartRead)
    uartSetBaudRate                          0x08003569   Thumb Code     6  serial_uart.o(i.uartSetBaudRate)
    uartSetMode                              0x0800356f   Thumb Code     6  serial_uart.o(i.uartSetMode)
    uartStartTxDMA                           0x08003575   Thumb Code    74  serial_uart.o(i.uartStartTxDMA)
    uartTotalRxBytesWaiting                  0x080035bf   Thumb Code    24  serial_uart.o(i.uartTotalRxBytesWaiting)
    uartTotalTxBytesFree                     0x080035d7   Thumb Code    38  serial_uart.o(i.uartTotalTxBytesFree)
    uartWrite                                0x080035fd   Thumb Code    48  serial_uart.o(i.uartWrite)
    useRcControlsConfig                      0x0800362d   Thumb Code    22  rc_controls.o(i.useRcControlsConfig)
    uxListRemove                             0x08003649   Thumb Code    38  list.o(i.uxListRemove)
    vListInitialise                          0x0800366f   Thumb Code    22  list.o(i.vListInitialise)
    vListInitialiseItem                      0x08003685   Thumb Code     6  list.o(i.vListInitialiseItem)
    vListInsert                              0x0800368b   Thumb Code    48  list.o(i.vListInsert)
    vListInsertEnd                           0x080036bb   Thumb Code    24  list.o(i.vListInsertEnd)
    vPortEnterCritical                       0x080036d5   Thumb Code    54  port.o(i.vPortEnterCritical)
    vPortExitCritical                        0x08003715   Thumb Code    34  port.o(i.vPortExitCritical)
    vPortFree                                0x0800373d   Thumb Code    88  heap_4.o(i.vPortFree)
    vPortSetupTimerInterrupt                 0x08003799   Thumb Code    32  port.o(i.vPortSetupTimerInterrupt)
    vPortValidateInterruptPriority           0x080037bd   Thumb Code    74  port.o(i.vPortValidateInterruptPriority)
    vQueueAddToRegistry                      0x08003811   Thumb Code    34  queue.o(i.vQueueAddToRegistry)
    vQueueWaitForMessageRestricted           0x08003839   Thumb Code    68  queue.o(i.vQueueWaitForMessageRestricted)
    vTaskDelay                               0x0800387d   Thumb Code    66  tasks.o(i.vTaskDelay)
    vTaskDelete                              0x080038c9   Thumb Code   158  tasks.o(i.vTaskDelete)
    vTaskInternalSetTimeOutState             0x08003975   Thumb Code    12  tasks.o(i.vTaskInternalSetTimeOutState)
    vTaskMissedYield                         0x08003985   Thumb Code     8  tasks.o(i.vTaskMissedYield)
    vTaskPlaceOnEventList                    0x08003991   Thumb Code    44  tasks.o(i.vTaskPlaceOnEventList)
    vTaskPlaceOnEventListRestricted          0x080039c1   Thumb Code    52  tasks.o(i.vTaskPlaceOnEventListRestricted)
    vTaskResume                              0x080039f9   Thumb Code   112  tasks.o(i.vTaskResume)
    vTaskStartScheduler                      0x08003a75   Thumb Code    94  tasks.o(i.vTaskStartScheduler)
    vTaskSuspend                             0x08003ae5   Thumb Code   174  tasks.o(i.vTaskSuspend)
    vTaskSuspendAll                          0x08003ba1   Thumb Code    10  tasks.o(i.vTaskSuspendAll)
    vTaskSwitchContext                       0x08003bb1   Thumb Code    82  tasks.o(i.vTaskSwitchContext)
    validateAndFixConfig                     0x08003c0d   Thumb Code    64  config.o(i.validateAndFixConfig)
    validateAndFixGyroConfig                 0x08003c4d   Thumb Code    38  config.o(i.validateAndFixGyroConfig)
    xPortStartScheduler                      0x08003c79   Thumb Code   222  port.o(i.xPortStartScheduler)
    xPortSysTickHandler                      0x08003d6d   Thumb Code    38  port.o(i.xPortSysTickHandler)
    xQueueGenericCreate                      0x08003d99   Thumb Code    82  queue.o(i.xQueueGenericCreate)
    xQueueGenericReset                       0x08003ded   Thumb Code   132  queue.o(i.xQueueGenericReset)
    xQueueGenericSend                        0x08003e75   Thumb Code   346  queue.o(i.xQueueGenericSend)
    xQueueGenericSendFromISR                 0x08003fd5   Thumb Code   188  queue.o(i.xQueueGenericSendFromISR)
    xQueueReceive                            0x08004091   Thumb Code   308  queue.o(i.xQueueReceive)
    xTaskCheckForTimeOut                     0x080041c9   Thumb Code   112  tasks.o(i.xTaskCheckForTimeOut)
    xTaskCreate                              0x0800423d   Thumb Code    86  tasks.o(i.xTaskCreate)
    xTaskGetSchedulerState                   0x08004295   Thumb Code    22  tasks.o(i.xTaskGetSchedulerState)
    xTaskGetTickCount                        0x080042b1   Thumb Code     6  tasks.o(i.xTaskGetTickCount)
    xTaskIncrementTick                       0x080042bd   Thumb Code   192  tasks.o(i.xTaskIncrementTick)
    xTaskPriorityDisinherit                  0x08004385   Thumb Code   144  tasks.o(i.xTaskPriorityDisinherit)
    xTaskRemoveFromEventList                 0x0800441d   Thumb Code   108  tasks.o(i.xTaskRemoveFromEventList)
    xTaskResumeAll                           0x08004491   Thumb Code   182  tasks.o(i.xTaskResumeAll)
    xTimerCreateTimerTask                    0x08004555   Thumb Code    58  timers.o(i.xTimerCreateTimerTask)
    xTimerGenericCommand                     0x080045a1   Thumb Code    92  timers.o(i.xTimerGenericCommand)
    _fp_init                                 0x08004601   Thumb Code    10  fpinit.o(x$fpl$fpinit)
    __fplib_config_fpu_vfp                   0x08004609   Thumb Code     0  fpinit.o(x$fpl$fpinit)
    __fplib_config_pureend_doubles           0x08004609   Thumb Code     0  fpinit.o(x$fpl$fpinit)
    timerHardware                            0x0800460c   Data         168  target.o(.constdata)
    ioPortDefs                               0x080046eb   Data           6  io.o(.constdata)
    serialPortIdentifiers                    0x080046fc   Data           3  serial.o(.constdata)
    uartVTable                               0x08004700   Data          40  serial_uart.o(.constdata)
    timerDefinitions                         0x08004728   Data         112  timer_stm32f4xx.o(.constdata)
    rcChannelLetters                         0x0800479f   Data          21  rx.o(.constdata)
    Region$$Table$$Base                      0x080047b4   Number         0  anon$$obj.o(Region$$Table)
    Region$$Table$$Limit                     0x080047d4   Number         0  anon$$obj.o(Region$$Table)
    systemState                              0x20000010   Data           1  main.o(.data)
    StartTask_Handler                        0x20000014   Data           4  main.o(.data)
    KeyTask_Handler                          0x20000018   Data           4  main.o(.data)
    Task1Task_Handler                        0x2000001c   Data           4  main.o(.data)
    Task2Task_Handler                        0x20000020   Data           4  main.o(.data)
    __stdout                                 0x20000024   Data           4  main.o(.data)
    SystemCoreClock                          0x20000028   Data           4  system_stm32f4xx.o(.data)
    AHBPrescTable                            0x2000002c   Data          16  system_stm32f4xx.o(.data)
    sysTickUptime                            0x20000040   Data           4  system.o(.data)
    timerInfo                                0x20000e08   Data           6  timer.o(.data)
    currentProfile                           0x20000e14   Data           4  config.o(.data)
    currentControlRateProfile                0x20000e18   Data           4  config.o(.data)
    motorControlEnable                       0x20000e1c   Data           1  fc_core.o(.data)
    currentMixerMode                         0x20000e31   Data           1  mixer.o(.data)
    motorOutputHigh                          0x20000e34   Data           2  mixer.o(.data)
    motorOutputLow                           0x20000e36   Data           2  mixer.o(.data)
    rxConfig                                 0x20000e44   Data           4  mixer.o(.data)
    debugMode                                0x20000e78   Data           1  debug.o(.data)
    pxCurrentTCB                             0x20000e7c   Data           4  tasks.o(.data)
    clocks                                   0x20000ef0   Data          16  system.o(.bss)
    button                                   0x20000f00   Data          12  button.o(.bss)
    extiChannelRecs                          0x20000f0c   Data          64  exti.o(.bss)
    ioRecs                                   0x20000f4c   Data         640  io.o(.bss)
    timerConfig                              0x20001200   Data         240  timer.o(.bss)
    timerChannelInfo                         0x200012f0   Data          14  timer.o(.bss)
    masterConfig                             0x20001300   Data         884  config.o(.bss)
    rxRuntimeConfig                          0x200016cc   Data          12  rx.o(.bss)
    rcRaw                                    0x200016d8   Data          36  rx.o(.bss)
    rcData                                   0x200016fc   Data          36  rx.o(.bss)
    rcInvalidPulsPeriod                      0x20001720   Data          72  rx.o(.bss)
    xQueueRegistry                           0x200017cc   Data          64  queue.o(.bss)
    __libspace_start                         0x200144fc   Data          96  libspace.o(.bss)
    __temporary_stack_top$libspace           0x2001455c   Data           0  libspace.o(.bss)



==============================================================================

Memory Map of the image

  Image Entry point : 0x08000189

  Load Region LR_IROM1 (Base: 0x08000000, Size: 0x000056c4, Max: 0x00100000, ABSOLUTE, COMPRESSED[0x0000486c])

    Execution Region ER_IROM1 (Exec base: 0x08000000, Load base: 0x08000000, Size: 0x000047d4, Max: 0x00100000, ABSOLUTE)

    Exec Addr    Load Addr    Size         Type   Attr      Idx    E Section Name        Object

    0x08000000   0x08000000   0x00000188   Data   RO            3    RESET               startup_stm32f407xx.o
    0x08000188   0x08000188   0x00000008   Code   RO         7033  * !!!main             c_w.l(__main.o)
    0x08000190   0x08000190   0x00000034   Code   RO         7362    !!!scatter          c_w.l(__scatter.o)
    0x080001c4   0x080001c4   0x0000005a   Code   RO         7360    !!dczerorl2         c_w.l(__dczerorl2.o)
    0x0800021e   0x0800021e   0x00000002   PAD
    0x08000220   0x08000220   0x0000001c   Code   RO         7364    !!handler_zi        c_w.l(__scatter_zi.o)
    0x0800023c   0x0800023c   0x00000000   Code   RO         7001    .ARM.Collect$$_printf_percent$$00000000  c_w.l(_printf_percent.o)
    0x0800023c   0x0800023c   0x00000006   Code   RO         6998    .ARM.Collect$$_printf_percent$$00000009  c_w.l(_printf_d.o)
    0x08000242   0x08000242   0x00000006   Code   RO         6996    .ARM.Collect$$_printf_percent$$00000014  c_w.l(_printf_s.o)
    0x08000248   0x08000248   0x00000004   Code   RO         7123    .ARM.Collect$$_printf_percent$$00000017  c_w.l(_printf_percent_end.o)
    0x0800024c   0x0800024c   0x00000002   Code   RO         7286    .ARM.Collect$$libinit$$00000000  c_w.l(libinit.o)
    0x0800024e   0x0800024e   0x00000004   Code   RO         7126    .ARM.Collect$$libinit$$00000001  c_w.l(libinit2.o)
    0x08000252   0x08000252   0x00000000   Code   RO         7129    .ARM.Collect$$libinit$$00000004  c_w.l(libinit2.o)
    0x08000252   0x08000252   0x00000000   Code   RO         7132    .ARM.Collect$$libinit$$0000000A  c_w.l(libinit2.o)
    0x08000252   0x08000252   0x00000000   Code   RO         7134    .ARM.Collect$$libinit$$0000000C  c_w.l(libinit2.o)
    0x08000252   0x08000252   0x00000000   Code   RO         7136    .ARM.Collect$$libinit$$0000000E  c_w.l(libinit2.o)
    0x08000252   0x08000252   0x00000000   Code   RO         7139    .ARM.Collect$$libinit$$00000011  c_w.l(libinit2.o)
    0x08000252   0x08000252   0x00000000   Code   RO         7141    .ARM.Collect$$libinit$$00000013  c_w.l(libinit2.o)
    0x08000252   0x08000252   0x00000000   Code   RO         7143    .ARM.Collect$$libinit$$00000015  c_w.l(libinit2.o)
    0x08000252   0x08000252   0x00000000   Code   RO         7145    .ARM.Collect$$libinit$$00000017  c_w.l(libinit2.o)
    0x08000252   0x08000252   0x00000000   Code   RO         7147    .ARM.Collect$$libinit$$00000019  c_w.l(libinit2.o)
    0x08000252   0x08000252   0x00000000   Code   RO         7149    .ARM.Collect$$libinit$$0000001B  c_w.l(libinit2.o)
    0x08000252   0x08000252   0x00000000   Code   RO         7151    .ARM.Collect$$libinit$$0000001D  c_w.l(libinit2.o)
    0x08000252   0x08000252   0x00000000   Code   RO         7153    .ARM.Collect$$libinit$$0000001F  c_w.l(libinit2.o)
    0x08000252   0x08000252   0x00000000   Code   RO         7155    .ARM.Collect$$libinit$$00000021  c_w.l(libinit2.o)
    0x08000252   0x08000252   0x00000000   Code   RO         7157    .ARM.Collect$$libinit$$00000023  c_w.l(libinit2.o)
    0x08000252   0x08000252   0x00000000   Code   RO         7159    .ARM.Collect$$libinit$$00000025  c_w.l(libinit2.o)
    0x08000252   0x08000252   0x00000000   Code   RO         7163    .ARM.Collect$$libinit$$0000002C  c_w.l(libinit2.o)
    0x08000252   0x08000252   0x00000000   Code   RO         7165    .ARM.Collect$$libinit$$0000002E  c_w.l(libinit2.o)
    0x08000252   0x08000252   0x00000000   Code   RO         7167    .ARM.Collect$$libinit$$00000030  c_w.l(libinit2.o)
    0x08000252   0x08000252   0x00000000   Code   RO         7169    .ARM.Collect$$libinit$$00000032  c_w.l(libinit2.o)
    0x08000252   0x08000252   0x00000002   Code   RO         7170    .ARM.Collect$$libinit$$00000033  c_w.l(libinit2.o)
    0x08000254   0x08000254   0x00000002   Code   RO         7321    .ARM.Collect$$libshutdown$$00000000  c_w.l(libshutdown.o)
    0x08000256   0x08000256   0x00000000   Code   RO         7327    .ARM.Collect$$libshutdown$$00000002  c_w.l(libshutdown2.o)
    0x08000256   0x08000256   0x00000000   Code   RO         7329    .ARM.Collect$$libshutdown$$00000004  c_w.l(libshutdown2.o)
    0x08000256   0x08000256   0x00000000   Code   RO         7332    .ARM.Collect$$libshutdown$$00000007  c_w.l(libshutdown2.o)
    0x08000256   0x08000256   0x00000000   Code   RO         7335    .ARM.Collect$$libshutdown$$0000000A  c_w.l(libshutdown2.o)
    0x08000256   0x08000256   0x00000000   Code   RO         7337    .ARM.Collect$$libshutdown$$0000000C  c_w.l(libshutdown2.o)
    0x08000256   0x08000256   0x00000000   Code   RO         7340    .ARM.Collect$$libshutdown$$0000000F  c_w.l(libshutdown2.o)
    0x08000256   0x08000256   0x00000002   Code   RO         7341    .ARM.Collect$$libshutdown$$00000010  c_w.l(libshutdown2.o)
    0x08000258   0x08000258   0x00000000   Code   RO         7103    .ARM.Collect$$rtentry$$00000000  c_w.l(__rtentry.o)
    0x08000258   0x08000258   0x00000000   Code   RO         7201    .ARM.Collect$$rtentry$$00000002  c_w.l(__rtentry2.o)
    0x08000258   0x08000258   0x00000006   Code   RO         7213    .ARM.Collect$$rtentry$$00000004  c_w.l(__rtentry4.o)
    0x0800025e   0x0800025e   0x00000000   Code   RO         7203    .ARM.Collect$$rtentry$$00000009  c_w.l(__rtentry2.o)
    0x0800025e   0x0800025e   0x00000004   Code   RO         7204    .ARM.Collect$$rtentry$$0000000A  c_w.l(__rtentry2.o)
    0x08000262   0x08000262   0x00000000   Code   RO         7206    .ARM.Collect$$rtentry$$0000000C  c_w.l(__rtentry2.o)
    0x08000262   0x08000262   0x00000008   Code   RO         7207    .ARM.Collect$$rtentry$$0000000D  c_w.l(__rtentry2.o)
    0x0800026a   0x0800026a   0x00000002   Code   RO         7289    .ARM.Collect$$rtexit$$00000000  c_w.l(rtexit.o)
    0x0800026c   0x0800026c   0x00000000   Code   RO         7301    .ARM.Collect$$rtexit$$00000002  c_w.l(rtexit2.o)
    0x0800026c   0x0800026c   0x00000004   Code   RO         7302    .ARM.Collect$$rtexit$$00000003  c_w.l(rtexit2.o)
    0x08000270   0x08000270   0x00000006   Code   RO         7303    .ARM.Collect$$rtexit$$00000004  c_w.l(rtexit2.o)
    0x08000276   0x08000276   0x00000002   PAD
    0x08000278   0x08000278   0x000000be   Code   RO         6864    .emb_text           port.o
    0x08000336   0x08000336   0x00000002   PAD
    0x08000338   0x08000338   0x00000040   Code   RO            4    .text               startup_stm32f407xx.o
    0x08000378   0x08000378   0x00000018   Code   RO         6947    .text               c_w.l(noretval__2printf.o)
    0x08000390   0x08000390   0x00000068   Code   RO         6949    .text               c_w.l(__printf.o)
    0x080003f8   0x080003f8   0x00000052   Code   RO         6951    .text               c_w.l(_printf_str.o)
    0x0800044a   0x0800044a   0x00000002   PAD
    0x0800044c   0x0800044c   0x00000078   Code   RO         6953    .text               c_w.l(_printf_dec.o)
    0x080004c4   0x080004c4   0x00000014   Code   RO         7009    .text               c_w.l(strchr.o)
    0x080004d8   0x080004d8   0x0000008a   Code   RO         7017    .text               c_w.l(rt_memcpy_v6.o)
    0x08000562   0x08000562   0x00000064   Code   RO         7019    .text               c_w.l(rt_memcpy_w.o)
    0x080005c6   0x080005c6   0x00000010   Code   RO         7021    .text               c_w.l(aeabi_memset.o)
    0x080005d6   0x080005d6   0x00000044   Code   RO         7023    .text               c_w.l(rt_memclr.o)
    0x0800061a   0x0800061a   0x0000004e   Code   RO         7025    .text               c_w.l(rt_memclr_w.o)
    0x08000668   0x08000668   0x00000056   Code   RO         7027    .text               c_w.l(strncpy.o)
    0x080006be   0x080006be   0x00000006   Code   RO         7031    .text               c_w.l(heapauxi.o)
    0x080006c4   0x080006c4   0x000000b2   Code   RO         7115    .text               c_w.l(_printf_intcommon.o)
    0x08000776   0x08000776   0x0000002c   Code   RO         7119    .text               c_w.l(_printf_char.o)
    0x080007a2   0x080007a2   0x00000002   PAD
    0x080007a4   0x080007a4   0x00000024   Code   RO         7121    .text               c_w.l(_printf_char_file.o)
    0x080007c8   0x080007c8   0x00000008   Code   RO         7197    .text               c_w.l(libspace.o)
    0x080007d0   0x080007d0   0x00000030   Code   RO         7222    .text               c_w.l(_printf_char_common.o)
    0x08000800   0x08000800   0x00000008   Code   RO         7253    .text               c_w.l(ferror.o)
    0x08000808   0x08000808   0x0000004a   Code   RO         7269    .text               c_w.l(sys_stackheap_outer.o)
    0x08000852   0x08000852   0x00000012   Code   RO         7275    .text               c_w.l(exit.o)
    0x08000864   0x08000864   0x00000002   Code   RO         7297    .text               c_w.l(use_no_semi.o)
    0x08000866   0x08000866   0x00000000   Code   RO         7299    .text               c_w.l(indicate_semi.o)
    0x08000866   0x08000866   0x00000002   PAD
    0x08000868   0x08000868   0x0000000c   Code   RO         7313    .text               c_w.l(sys_exit.o)
    0x08000874   0x08000874   0x00000014   Code   RO         2005    i.DMA_Cmd           stm32f4xx_dma.o
    0x08000888   0x08000888   0x00000124   Code   RO         2006    i.DMA_DeInit        stm32f4xx_dma.o
    0x080009ac   0x080009ac   0x00000006   Code   RO         2011    i.DMA_GetCurrDataCounter  stm32f4xx_dma.o
    0x080009b2   0x080009b2   0x0000002c   Code   RO         2016    i.DMA_ITConfig      stm32f4xx_dma.o
    0x080009de   0x080009de   0x00000002   PAD
    0x080009e0   0x080009e0   0x00000054   Code   RO         2017    i.DMA_Init          stm32f4xx_dma.o
    0x08000a34   0x08000a34   0x0000000a   Code   RO         2018    i.DMA_MemoryTargetConfig  stm32f4xx_dma.o
    0x08000a3e   0x08000a3e   0x00000004   Code   RO         2020    i.DMA_SetCurrDataCounter  stm32f4xx_dma.o
    0x08000a42   0x08000a42   0x00000022   Code   RO         2021    i.DMA_StructInit    stm32f4xx_dma.o
    0x08000a64   0x08000a64   0x00000004   Code   RO         2942    i.EXTI0_IRQHandler  exti.o
    0x08000a68   0x08000a68   0x00000004   Code   RO         2943    i.EXTI15_10_IRQHandler  exti.o
    0x08000a6c   0x08000a6c   0x00000004   Code   RO         2944    i.EXTI1_IRQHandler  exti.o
    0x08000a70   0x08000a70   0x00000004   Code   RO         2945    i.EXTI2_IRQHandler  exti.o
    0x08000a74   0x08000a74   0x00000004   Code   RO         2946    i.EXTI3_IRQHandler  exti.o
    0x08000a78   0x08000a78   0x00000004   Code   RO         2947    i.EXTI4_IRQHandler  exti.o
    0x08000a7c   0x08000a7c   0x00000004   Code   RO         2948    i.EXTI9_5_IRQHandler  exti.o
    0x08000a80   0x08000a80   0x00000090   Code   RO         2949    i.EXTIConfig        exti.o
    0x08000b10   0x08000b10   0x00000020   Code   RO         2950    i.EXTIEnable        exti.o
    0x08000b30   0x08000b30   0x00000004   Code   RO         2951    i.EXTIHandlerInit   exti.o
    0x08000b34   0x08000b34   0x00000028   Code   RO         2952    i.EXTIInit          exti.o
    0x08000b5c   0x08000b5c   0x0000000c   Code   RO          122    i.EXTI_ClearITPendingBit  stm32f4xx_exti.o
    0x08000b68   0x08000b68   0x00000040   Code   RO         2954    i.EXTI_IRQHandler   exti.o
    0x08000ba8   0x08000ba8   0x00000070   Code   RO          127    i.EXTI_Init         stm32f4xx_exti.o
    0x08000c18   0x08000c18   0x00000094   Code   RO         2135    i.EnableGPIOClk     main.o
    0x08000cac   0x08000cac   0x000000a2   Code   RO          479    i.GPIO_Init         stm32f4xx_gpio.o
    0x08000d4e   0x08000d4e   0x00000020   Code   RO          480    i.GPIO_PinAFConfig  stm32f4xx_gpio.o
    0x08000d6e   0x08000d6e   0x00000012   Code   RO          488    i.GPIO_StructInit   stm32f4xx_gpio.o
    0x08000d80   0x08000d80   0x00000048   Code   RO         3130    i.IOConfigGPIO      io.o
    0x08000dc8   0x08000dc8   0x0000005c   Code   RO         3131    i.IOConfigGPIOAF    io.o
    0x08000e24   0x08000e24   0x0000006c   Code   RO         3132    i.IOGetByTag        io.o
    0x08000e90   0x08000e90   0x00000040   Code   RO         3133    i.IOGlobalInit      io.o
    0x08000ed0   0x08000ed0   0x0000000c   Code   RO         3134    i.IOHi              io.o
    0x08000edc   0x08000edc   0x00000006   Code   RO         3135    i.IOInit            io.o
    0x08000ee2   0x08000ee2   0x00000014   Code   RO         3139    i.IOToggle          io.o
    0x08000ef6   0x08000ef6   0x00000012   Code   RO         3140    i.IOWrite           io.o
    0x08000f08   0x08000f08   0x00000012   Code   RO         3141    i.IO_EXTI_Line      io.o
    0x08000f1a   0x08000f1a   0x00000004   Code   RO         3142    i.IO_EXTI_PinSource  io.o
    0x08000f1e   0x08000f1e   0x00000004   Code   RO         3143    i.IO_EXTI_PortSourceGPIO  io.o
    0x08000f22   0x08000f22   0x00000014   Code   RO         3145    i.IO_GPIOPinIdx     io.o
    0x08000f36   0x08000f36   0x00000002   PAD
    0x08000f38   0x08000f38   0x00000018   Code   RO         3146    i.IO_GPIOPortIdx    io.o
    0x08000f50   0x08000f50   0x00000004   Code   RO         3147    i.IO_GPIO_PinSource  io.o
    0x08000f54   0x08000f54   0x00000088   Code   RO         3270    i.LedInit           led.o
    0x08000fdc   0x08000fdc   0x00000028   Code   RO         3271    i.LedSet            led.o
    0x08001004   0x08001004   0x00000010   Code   RO         3272    i.LedToggle         led.o
    0x08001014   0x08001014   0x00000064   Code   RO           13    i.NVIC_Init         misc.o
    0x08001078   0x08001078   0x00000014   Code   RO           14    i.NVIC_PriorityGroupConfig  misc.o
    0x0800108c   0x0800108c   0x00000018   Code   RO          694    i.RCC_AHB1PeriphClockCmd  stm32f4xx_rcc.o
    0x080010a4   0x080010a4   0x00000018   Code   RO          696    i.RCC_AHB1PeriphResetCmd  stm32f4xx_rcc.o
    0x080010bc   0x080010bc   0x00000018   Code   RO          697    i.RCC_AHB2PeriphClockCmd  stm32f4xx_rcc.o
    0x080010d4   0x080010d4   0x00000018   Code   RO          703    i.RCC_APB1PeriphClockCmd  stm32f4xx_rcc.o
    0x080010ec   0x080010ec   0x00000018   Code   RO          705    i.RCC_APB1PeriphResetCmd  stm32f4xx_rcc.o
    0x08001104   0x08001104   0x00000018   Code   RO          706    i.RCC_APB2PeriphClockCmd  stm32f4xx_rcc.o
    0x0800111c   0x0800111c   0x00000018   Code   RO          708    i.RCC_APB2PeriphResetCmd  stm32f4xx_rcc.o
    0x08001134   0x08001134   0x00000010   Code   RO          711    i.RCC_ClearFlag     stm32f4xx_rcc.o
    0x08001144   0x08001144   0x00000024   Code   RO         3422    i.RCC_ClockCmd      rcc.o
    0x08001168   0x08001168   0x00000090   Code   RO          715    i.RCC_GetClocksFreq  stm32f4xx_rcc.o
    0x080011f8   0x080011f8   0x00000024   Code   RO         3423    i.RCC_ResetCmd      rcc.o
    0x0800121c   0x0800121c   0x00000020   Code   RO         4347    i.ResetLedStatusConfig  config.o
    0x0800123c   0x0800123c   0x0000002c   Code   RO         4348    i.ResetLedTimerConfig  config.o
    0x08001268   0x08001268   0x0000004c   Code   RO         4350    i.ResetMotorConfig  config.o
    0x080012b4   0x080012b4   0x0000003c   Code   RO         4351    i.ResetSerialConfig  config.o
    0x080012f0   0x080012f0   0x00000064   Code   RO         4352    i.ResetSerialPinConfig  config.o
    0x08001354   0x08001354   0x00000014   Code   RO         1038    i.SPI_Cmd           stm32f4xx_spi.o
    0x08001368   0x08001368   0x00000084   Code   RO         1045    i.SPI_I2S_DeInit    stm32f4xx_spi.o
    0x080013ec   0x080013ec   0x00000038   Code   RO         1051    i.SPI_Init          stm32f4xx_spi.o
    0x08001424   0x08001424   0x00000030   Code   RO         1203    i.SYSCFG_EXTILineConfig  stm32f4xx_syscfg.o
    0x08001454   0x08001454   0x000000b4   Code   RO         2456    i.SetSysClock       system_stm32f4xx.o
    0x08001508   0x08001508   0x00000014   Code   RO         2536    i.SysTick_Handler   system.o
    0x0800151c   0x0800151c   0x00000024   Code   RO         2537    i.SysTick_Init      system.o
    0x08001540   0x08001540   0x0000005c   Code   RO         2458    i.SystemInit        system_stm32f4xx.o
    0x0800159c   0x0800159c   0x00000010   Code   RO         4052    i.TIM1_CC_IRQHandler  timer.o
    0x080015ac   0x080015ac   0x00000010   Code   RO         4053    i.TIM2_IRQHandler   timer.o
    0x080015bc   0x080015bc   0x00000010   Code   RO         4054    i.TIM3_IRQHandler   timer.o
    0x080015cc   0x080015cc   0x00000010   Code   RO         4055    i.TIM4_IRQHandler   timer.o
    0x080015dc   0x080015dc   0x00000014   Code   RO         1274    i.TIM_Cmd           stm32f4xx_tim.o
    0x080015f0   0x080015f0   0x00000010   Code   RO         1299    i.TIM_ITConfig      stm32f4xx_tim.o
    0x08001600   0x08001600   0x0000007c   Code   RO         1346    i.TIM_TimeBaseInit  stm32f4xx_tim.o
    0x0800167c   0x0800167c   0x00000012   Code   RO         1347    i.TIM_TimeBaseStructInit  stm32f4xx_tim.o
    0x0800168e   0x0800168e   0x00000030   Code   RO         2136    i.TimerInitForFreeRTOS  main.o
    0x080016be   0x080016be   0x00000002   PAD
    0x080016c0   0x080016c0   0x00000010   Code   RO         3938    i.USART1_IRQHandler  serial_uart_stm32f4xx.o
    0x080016d0   0x080016d0   0x00000010   Code   RO         3939    i.USART3_IRQHandler  serial_uart_stm32f4xx.o
    0x080016e0   0x080016e0   0x00000010   Code   RO         3940    i.USART6_IRQHandler  serial_uart_stm32f4xx.o
    0x080016f0   0x080016f0   0x0000000c   Code   RO         1812    i.USART_ClearITPendingBit  stm32f4xx_usart.o
    0x080016fc   0x080016fc   0x00000014   Code   RO         1815    i.USART_Cmd         stm32f4xx_usart.o
    0x08001710   0x08001710   0x00000010   Code   RO         1816    i.USART_DMACmd      stm32f4xx_usart.o
    0x08001720   0x08001720   0x0000003e   Code   RO         1819    i.USART_GetITStatus  stm32f4xx_usart.o
    0x0800175e   0x0800175e   0x00000014   Code   RO         1820    i.USART_HalfDuplexCmd  stm32f4xx_usart.o
    0x08001772   0x08001772   0x00000030   Code   RO         1821    i.USART_ITConfig    stm32f4xx_usart.o
    0x080017a2   0x080017a2   0x00000002   PAD
    0x080017a4   0x080017a4   0x000000ac   Code   RO         1822    i.USART_Init        stm32f4xx_usart.o
    0x08001850   0x08001850   0x00000008   Code   RO         1832    i.USART_SendData    stm32f4xx_usart.o
    0x08001858   0x08001858   0x00000034   Code   RO         4353    i.activateConfig    config.o
    0x0800188c   0x0800188c   0x00000010   Code   RO         2887    i.btnIntExtiHandler  button.o
    0x0800189c   0x0800189c   0x00000054   Code   RO         2888    i.buttonInit        button.o
    0x080018f0   0x080018f0   0x00000004   Code   RO         4358    i.checkEEPROMContainsValidData  config.o
    0x080018f4   0x080018f4   0x0000004c   Code   RO         4056    i.configTimeBaseKhz  timer.o
    0x08001940   0x08001940   0x00000010   Code   RO         4359    i.constrain         config.o
    0x08001950   0x08001950   0x0000020c   Code   RO         4360    i.createDefaultConfig  config.o
    0x08001b5c   0x08001b5c   0x00000016   Code   RO         2538    i.delay             system.o
    0x08001b72   0x08001b72   0x00000002   PAD
    0x08001b74   0x08001b74   0x00000034   Code   RO         2539    i.delayMicroseconds  system.o
    0x08001ba8   0x08001ba8   0x00000014   Code   RO         5298    i.feature           feature.o
    0x08001bbc   0x08001bbc   0x00000010   Code   RO         5299    i.featureClear      feature.o
    0x08001bcc   0x08001bcc   0x00000014   Code   RO         5301    i.featureConfigured  feature.o
    0x08001be0   0x08001be0   0x00000010   Code   RO         5303    i.featureSet        feature.o
    0x08001bf0   0x08001bf0   0x00000028   Code   RO         3769    i.findNextSerialPortConfig  serial.o
    0x08001c18   0x08001c18   0x00000010   Code   RO         3770    i.findSerialPortConfig  serial.o
    0x08001c28   0x08001c28   0x0000001c   Code   RO         3771    i.findSerialPortIndexByIdentifier  serial.o
    0x08001c44   0x08001c44   0x00000028   Code   RO         3772    i.findSerialPortUsageByIdentifier  serial.o
    0x08001c6c   0x08001c6c   0x0000000e   Code   RO         2137    i.fputc             main.o
    0x08001c7a   0x08001c7a   0x00000002   PAD
    0x08001c7c   0x08001c7c   0x0000007c   Code   RO         4589    i.generateThrottleCurve  fc_rc.o
    0x08001cf8   0x08001cf8   0x00000002   Code   RO         5242    i.initEEPROM        config_eeprom.o
    0x08001cfa   0x08001cfa   0x00000006   Code   RO         5305    i.intFeatureClearAll  feature.o
    0x08001d00   0x08001d00   0x00000008   Code   RO         5306    i.intFeatureSet     feature.o
    0x08001d08   0x08001d08   0x00000026   Code   RO         4647    i.isModeActivationConditionPresent  rc_controls.o
    0x08001d2e   0x08001d2e   0x0000001a   Code   RO         3852    i.isUartTransmitBufferEmpty  serial_uart.o
    0x08001d48   0x08001d48   0x00000068   Code   RO         2138    i.key_task          main.o
    0x08001db0   0x08001db0   0x00000014   Code   RO         5307    i.latchActiveFeatures  feature.o
    0x08001dc4   0x08001dc4   0x000000e8   Code   RO         2139    i.main              main.o
    0x08001eac   0x08001eac   0x00000054   Code   RO         2540    i.micros            system.o
    0x08001f00   0x08001f00   0x0000004c   Code   RO         2541    i.microsISR         system.o
    0x08001f4c   0x08001f4c   0x0000000c   Code   RO         2542    i.millis            system.o
    0x08001f58   0x08001f58   0x0000000c   Code   RO         5165    i.mixerUseConfigs   mixer.o
    0x08001f64   0x08001f64   0x00000004   Code   RO         5698    i.nullFrameStatus   rx.o
    0x08001f68   0x08001f68   0x00000004   Code   RO         5699    i.nullReadRawRC     rx.o
    0x08001f6c   0x08001f6c   0x0000006c   Code   RO         3774    i.openSerialPort    serial.o
    0x08001fd8   0x08001fd8   0x00000038   Code   RO         5700    i.parseRcChannels   rx.o
    0x08002010   0x08002010   0x00000070   Code   RO         6346    i.prvAddCurrentTaskToDelayedList  tasks.o
    0x08002080   0x08002080   0x000000d0   Code   RO         6347    i.prvAddNewTaskToReadyList  tasks.o
    0x08002150   0x08002150   0x00000050   Code   RO         6682    i.prvCheckForValidListAndQueue  timers.o
    0x080021a0   0x080021a0   0x00000026   Code   RO         6151    i.prvCopyDataFromQueue  queue.o
    0x080021c6   0x080021c6   0x0000006c   Code   RO         6152    i.prvCopyDataToQueue  queue.o
    0x08002232   0x08002232   0x00000014   Code   RO         6348    i.prvDeleteTCB      tasks.o
    0x08002246   0x08002246   0x00000002   PAD
    0x08002248   0x08002248   0x0000004c   Code   RO         6815    i.prvHeapInit       heap_4.o
    0x08002294   0x08002294   0x00000060   Code   RO         6349    i.prvIdleTask       tasks.o
    0x080022f4   0x080022f4   0x000000ae   Code   RO         6350    i.prvInitialiseNewTask  tasks.o
    0x080023a2   0x080023a2   0x00000002   PAD
    0x080023a4   0x080023a4   0x0000004c   Code   RO         6816    i.prvInsertBlockIntoFreeList  heap_4.o
    0x080023f0   0x080023f0   0x00000038   Code   RO         6683    i.prvInsertTimerInActiveList  timers.o
    0x08002428   0x08002428   0x0000001c   Code   RO         6153    i.prvIsQueueEmpty   queue.o
    0x08002444   0x08002444   0x000000b8   Code   RO         6684    i.prvProcessReceivedCommands  timers.o
    0x080024fc   0x080024fc   0x000000b4   Code   RO         6685    i.prvProcessTimerOrBlockTask  timers.o
    0x080025b0   0x080025b0   0x00000020   Code   RO         6352    i.prvResetNextTaskUnblockTime  tasks.o
    0x080025d0   0x080025d0   0x00000028   Code   RO         6686    i.prvSampleTimeNow  timers.o
    0x080025f8   0x080025f8   0x0000006c   Code   RO         6687    i.prvSwitchTimerLists  timers.o
    0x08002664   0x08002664   0x00000028   Code   RO         6865    i.prvTaskExitError  port.o
    0x0800268c   0x0800268c   0x00000034   Code   RO         6353    i.prvTaskIsTaskSuspended  tasks.o
    0x080026c0   0x080026c0   0x00000024   Code   RO         6688    i.prvTimerTask      timers.o
    0x080026e4   0x080026e4   0x0000006a   Code   RO         6154    i.prvUnlockQueue    queue.o
    0x0800274e   0x0800274e   0x00000002   PAD
    0x08002750   0x08002750   0x000000d8   Code   RO         6817    i.pvPortMalloc      heap_4.o
    0x08002828   0x08002828   0x0000002c   Code   RO         6866    i.pxPortInitialiseStack  port.o
    0x08002854   0x08002854   0x0000001c   Code   RO         5244    i.readEEPROM        config_eeprom.o
    0x08002870   0x08002870   0x00000018   Code   RO         5702    i.resetAllRxChannelRangeConfigurations  rx.o
    0x08002888   0x08002888   0x00000018   Code   RO         4363    i.resetEEPROM       config.o
    0x080028a0   0x080028a0   0x000000c4   Code   RO         4364    i.resetPidProfile   config.o
    0x08002964   0x08002964   0x0000005c   Code   RO         4365    i.resetProfile      config.o
    0x080029c0   0x080029c0   0x00000010   Code   RO         4366    i.resetRcControlsConfig  config.o
    0x080029d0   0x080029d0   0x000000d8   Code   RO         5703    i.rxInit            rx.o
    0x08002aa8   0x08002aa8   0x0000002c   Code   RO         3548    i.rxSerial3TestInit  rxserial3test.o
    0x08002ad4   0x08002ad4   0x00000010   Code   RO         3550    i.rxSerial3TestWrite  rxserial3test.o
    0x08002ae4   0x08002ae4   0x00000050   Code   RO         5795    i.sbusDataReceiveCallBack  sbus.o
    0x08002b34   0x08002b34   0x000000d8   Code   RO         5796    i.sbusFrameStatus   sbus.o
    0x08002c0c   0x08002c0c   0x0000007c   Code   RO         5797    i.sbusInit          sbus.o
    0x08002c88   0x08002c88   0x0000001c   Code   RO         5798    i.sbusReadRawRC     sbus.o
    0x08002ca4   0x08002ca4   0x00000034   Code   RO         3775    i.serialInit        serial.o
    0x08002cd8   0x08002cd8   0x00000012   Code   RO         5705    i.serialRxInit      rx.o
    0x08002cea   0x08002cea   0x00000002   PAD
    0x08002cec   0x08002cec   0x00000110   Code   RO         3941    i.serialUART        serial_uart_stm32f4xx.o
    0x08002dfc   0x08002dfc   0x0000000c   Code   RO         3942    i.serialUART1       serial_uart_stm32f4xx.o
    0x08002e08   0x08002e08   0x0000000c   Code   RO         3943    i.serialUART3       serial_uart_stm32f4xx.o
    0x08002e14   0x08002e14   0x0000000c   Code   RO         3944    i.serialUART6       serial_uart_stm32f4xx.o
    0x08002e20   0x08002e20   0x00000006   Code   RO         3777    i.serialWrite       serial.o
    0x08002e26   0x08002e26   0x00000002   PAD
    0x08002e28   0x08002e28   0x00000034   Code   RO         4370    i.setProfile        config.o
    0x08002e5c   0x08002e5c   0x0000001c   Code   RO         2805    i.spiInit           bus_spi.o
    0x08002e78   0x08002e78   0x00000118   Code   RO         2806    i.spiInitDevice     bus_spi.o
    0x08002f90   0x08002f90   0x00000090   Code   RO         2140    i.start_task        main.o
    0x08003020   0x08003020   0x00000050   Code   RO         2141    i.systemInit        main.o
    0x08003070   0x08003070   0x00000036   Code   RO         4371    i.targetConfiguration  config.o
    0x080030a6   0x080030a6   0x00000002   PAD
    0x080030a8   0x080030a8   0x00000040   Code   RO         2142    i.task1_task        main.o
    0x080030e8   0x080030e8   0x00000040   Code   RO         2143    i.task2_task        main.o
    0x08003128   0x08003128   0x0000007a   Code   RO         4060    i.timCCxHandler     timer.o
    0x080031a2   0x080031a2   0x00000002   PAD
    0x080031a4   0x080031a4   0x0000003c   Code   RO         4217    i.timerClockDivisor  timer_stm32f4xx.o
    0x080031e0   0x080031e0   0x00000084   Code   RO         4069    i.timerInit         timer.o
    0x08003264   0x08003264   0x0000001c   Code   RO         4072    i.timerNVICConfigure4FreeRTOS  timer.o
    0x08003280   0x08003280   0x00000024   Code   RO         4075    i.timerRCC          timer.o
    0x080032a4   0x080032a4   0x00000096   Code   RO         3945    i.uartIrqHandler    serial_uart_stm32f4xx.o
    0x0800333a   0x0800333a   0x00000002   PAD
    0x0800333c   0x0800333c   0x00000174   Code   RO         3853    i.uartOpen          serial_uart.o
    0x080034b0   0x080034b0   0x0000002c   Code   RO         3854    i.uartRead          serial_uart.o
    0x080034dc   0x080034dc   0x0000008c   Code   RO         3855    i.uartReconfigure   serial_uart.o
    0x08003568   0x08003568   0x00000006   Code   RO         3856    i.uartSetBaudRate   serial_uart.o
    0x0800356e   0x0800356e   0x00000006   Code   RO         3857    i.uartSetMode       serial_uart.o
    0x08003574   0x08003574   0x0000004a   Code   RO         3858    i.uartStartTxDMA    serial_uart.o
    0x080035be   0x080035be   0x00000018   Code   RO         3859    i.uartTotalRxBytesWaiting  serial_uart.o
    0x080035d6   0x080035d6   0x00000026   Code   RO         3860    i.uartTotalTxBytesFree  serial_uart.o
    0x080035fc   0x080035fc   0x00000030   Code   RO         3861    i.uartWrite         serial_uart.o
    0x0800362c   0x0800362c   0x0000001c   Code   RO         4649    i.useRcControlsConfig  rc_controls.o
    0x08003648   0x08003648   0x00000026   Code   RO         6114    i.uxListRemove      list.o
    0x0800366e   0x0800366e   0x00000016   Code   RO         6115    i.vListInitialise   list.o
    0x08003684   0x08003684   0x00000006   Code   RO         6116    i.vListInitialiseItem  list.o
    0x0800368a   0x0800368a   0x00000030   Code   RO         6117    i.vListInsert       list.o
    0x080036ba   0x080036ba   0x00000018   Code   RO         6118    i.vListInsertEnd    list.o
    0x080036d2   0x080036d2   0x00000002   PAD
    0x080036d4   0x080036d4   0x00000040   Code   RO         6868    i.vPortEnterCritical  port.o
    0x08003714   0x08003714   0x00000028   Code   RO         6869    i.vPortExitCritical  port.o
    0x0800373c   0x0800373c   0x0000005c   Code   RO         6818    i.vPortFree         heap_4.o
    0x08003798   0x08003798   0x00000024   Code   RO         6870    i.vPortSetupTimerInterrupt  port.o
    0x080037bc   0x080037bc   0x00000054   Code   RO         6871    i.vPortValidateInterruptPriority  port.o
    0x08003810   0x08003810   0x00000028   Code   RO         6160    i.vQueueAddToRegistry  queue.o
    0x08003838   0x08003838   0x00000044   Code   RO         6164    i.vQueueWaitForMessageRestricted  queue.o
    0x0800387c   0x0800387c   0x0000004c   Code   RO         6362    i.vTaskDelay        tasks.o
    0x080038c8   0x080038c8   0x000000ac   Code   RO         6364    i.vTaskDelete       tasks.o
    0x08003974   0x08003974   0x00000010   Code   RO         6367    i.vTaskInternalSetTimeOutState  tasks.o
    0x08003984   0x08003984   0x0000000c   Code   RO         6368    i.vTaskMissedYield  tasks.o
    0x08003990   0x08003990   0x00000030   Code   RO         6370    i.vTaskPlaceOnEventList  tasks.o
    0x080039c0   0x080039c0   0x00000038   Code   RO         6371    i.vTaskPlaceOnEventListRestricted  tasks.o
    0x080039f8   0x080039f8   0x0000007c   Code   RO         6376    i.vTaskResume       tasks.o
    0x08003a74   0x08003a74   0x00000070   Code   RO         6379    i.vTaskStartScheduler  tasks.o
    0x08003ae4   0x08003ae4   0x000000bc   Code   RO         6380    i.vTaskSuspend      tasks.o
    0x08003ba0   0x08003ba0   0x00000010   Code   RO         6381    i.vTaskSuspendAll   tasks.o
    0x08003bb0   0x08003bb0   0x0000005c   Code   RO         6382    i.vTaskSwitchContext  tasks.o
    0x08003c0c   0x08003c0c   0x00000040   Code   RO         4372    i.validateAndFixConfig  config.o
    0x08003c4c   0x08003c4c   0x0000002c   Code   RO         4373    i.validateAndFixGyroConfig  config.o
    0x08003c78   0x08003c78   0x000000f4   Code   RO         6872    i.xPortStartScheduler  port.o
    0x08003d6c   0x08003d6c   0x0000002c   Code   RO         6873    i.xPortSysTickHandler  port.o
    0x08003d98   0x08003d98   0x00000052   Code   RO         6167    i.xQueueGenericCreate  queue.o
    0x08003dea   0x08003dea   0x00000002   PAD
    0x08003dec   0x08003dec   0x00000088   Code   RO         6168    i.xQueueGenericReset  queue.o
    0x08003e74   0x08003e74   0x00000160   Code   RO         6169    i.xQueueGenericSend  queue.o
    0x08003fd4   0x08003fd4   0x000000bc   Code   RO         6170    i.xQueueGenericSendFromISR  queue.o
    0x08004090   0x08004090   0x00000138   Code   RO         6177    i.xQueueReceive     queue.o
    0x080041c8   0x080041c8   0x00000074   Code   RO         6383    i.xTaskCheckForTimeOut  tasks.o
    0x0800423c   0x0800423c   0x00000056   Code   RO         6384    i.xTaskCreate       tasks.o
    0x08004292   0x08004292   0x00000002   PAD
    0x08004294   0x08004294   0x0000001c   Code   RO         6388    i.xTaskGetSchedulerState  tasks.o
    0x080042b0   0x080042b0   0x0000000c   Code   RO         6389    i.xTaskGetTickCount  tasks.o
    0x080042bc   0x080042bc   0x000000c8   Code   RO         6391    i.xTaskIncrementTick  tasks.o
    0x08004384   0x08004384   0x00000098   Code   RO         6394    i.xTaskPriorityDisinherit  tasks.o
    0x0800441c   0x0800441c   0x00000074   Code   RO         6396    i.xTaskRemoveFromEventList  tasks.o
    0x08004490   0x08004490   0x000000c4   Code   RO         6397    i.xTaskResumeAll    tasks.o
    0x08004554   0x08004554   0x0000004c   Code   RO         6694    i.xTimerCreateTimerTask  timers.o
    0x080045a0   0x080045a0   0x00000060   Code   RO         6695    i.xTimerGenericCommand  timers.o
    0x08004600   0x08004600   0x0000000a   Code   RO         7265    x$fpl$fpinit        fz_wm.l(fpinit.o)
    0x0800460a   0x0800460a   0x00000002   PAD
    0x0800460c   0x0800460c   0x000000a8   Data   RO         2499    .constdata          target.o
    0x080046b4   0x080046b4   0x0000001a   Data   RO         2813    .constdata          bus_spi.o
    0x080046ce   0x080046ce   0x00000001   Data   RO         2892    .constdata          button.o
    0x080046cf   0x080046cf   0x00000017   Data   RO         2956    .constdata          exti.o
    0x080046e6   0x080046e6   0x00000016   Data   RO         3151    .constdata          io.o
    0x080046fc   0x080046fc   0x00000003   Data   RO         3779    .constdata          serial.o
    0x080046ff   0x080046ff   0x00000001   PAD
    0x08004700   0x08004700   0x00000028   Data   RO         3862    .constdata          serial_uart.o
    0x08004728   0x08004728   0x00000070   Data   RO         4218    .constdata          timer_stm32f4xx.o
    0x08004798   0x08004798   0x0000001c   Data   RO         5708    .constdata          rx.o
    0x080047b4   0x080047b4   0x00000020   Data   RO         7358    Region$$Table       anon$$obj.o


    Execution Region RW_IRAM1 (Exec base: 0x20000000, Load base: 0x080047d4, Size: 0x00014b60, Max: 0x00020000, ABSOLUTE, COMPRESSED[0x00000098])

    Exec Addr    Load Addr    Size         Type   Attr      Idx    E Section Name        Object

    0x20000000   COMPRESSED   0x00000010   Data   RW          747    .data               stm32f4xx_rcc.o
    0x20000010   COMPRESSED   0x00000014   Data   RW         2144    .data               main.o
    0x20000024   COMPRESSED   0x00000004   Data   RW         2145    .data               main.o
    0x20000028   COMPRESSED   0x00000014   Data   RW         2460    .data               system_stm32f4xx.o
    0x2000003c   COMPRESSED   0x0000000c   Data   RW         2544    .data               system.o
    0x20000048   COMPRESSED   0x00000020   Data   RW         2814    .data               bus_spi.o
    0x20000068   COMPRESSED   0x00000007   Data   RW         2957    .data               exti.o
    0x2000006f   COMPRESSED   0x00000001   Data   RW         3274    .data               led.o
    0x20000070   COMPRESSED   0x00000004   Data   RW         3551    .data               rxserial3test.o
    0x20000074   COMPRESSED   0x00000008   Data   RW         3781    .data               serial.o
    0x2000007c   COMPRESSED   0x0000047c   Data   RW         3946    .data               serial_uart_stm32f4xx.o
    0x200004f8   COMPRESSED   0x0000047c   Data   RW         3947    .data               serial_uart_stm32f4xx.o
    0x20000974   COMPRESSED   0x0000047c   Data   RW         3948    .data               serial_uart_stm32f4xx.o
    0x20000df0   COMPRESSED   0x00000018   Data   RW         3949    .data               serial_uart_stm32f4xx.o
    0x20000e08   COMPRESSED   0x00000006   Data   RW         4077    .data               timer.o
    0x20000e0e   COMPRESSED   0x00000002   PAD
    0x20000e10   COMPRESSED   0x0000000c   Data   RW         4375    .data               config.o
    0x20000e1c   COMPRESSED   0x00000008   Data   RW         4543    .data               fc_core.o
    0x20000e24   COMPRESSED   0x0000000c   Data   RW         4650    .data               rc_controls.o
    0x20000e30   COMPRESSED   0x0000001c   Data   RW         5169    .data               mixer.o
    0x20000e4c   COMPRESSED   0x00000004   Data   RW         5308    .data               feature.o
    0x20000e50   COMPRESSED   0x00000020   Data   RW         5710    .data               rx.o
    0x20000e70   COMPRESSED   0x00000008   Data   RW         5800    .data               sbus.o
    0x20000e78   COMPRESSED   0x00000001   Data   RW         5835    .data               debug.o
    0x20000e79   COMPRESSED   0x00000003   PAD
    0x20000e7c   COMPRESSED   0x0000003c   Data   RW         6400    .data               tasks.o
    0x20000eb8   COMPRESSED   0x00000014   Data   RW         6701    .data               timers.o
    0x20000ecc   COMPRESSED   0x00000018   Data   RW         6823    .data               heap_4.o
    0x20000ee4   COMPRESSED   0x0000000c   Data   RW         6874    .data               port.o
    0x20000ef0        -       0x00000010   Zero   RW         2543    .bss                system.o
    0x20000f00        -       0x0000000c   Zero   RW         2891    .bss                button.o
    0x20000f0c        -       0x00000040   Zero   RW         2955    .bss                exti.o
    0x20000f4c        -       0x00000280   Zero   RW         3150    .bss                io.o
    0x200011cc        -       0x00000010   Zero   RW         3273    .bss                led.o
    0x200011dc        -       0x00000024   Zero   RW         3778    .bss                serial.o
    0x20001200        -       0x000000fe   Zero   RW         4076    .bss                timer.o
    0x200012fe   COMPRESSED   0x00000002   PAD
    0x20001300        -       0x00000374   Zero   RW         4374    .bss                config.o
    0x20001674        -       0x00000018   Zero   RW         4592    .bss                fc_rc.o
    0x2000168c        -       0x000000dc   Zero   RW         5707    .bss                rx.o
    0x20001768        -       0x00000064   Zero   RW         5799    .bss                sbus.o
    0x200017cc        -       0x00000040   Zero   RW         6181    .bss                queue.o
    0x2000180c        -       0x000000c8   Zero   RW         6399    .bss                tasks.o
    0x200018d4        -       0x00000028   Zero   RW         6700    .bss                timers.o
    0x200018fc        -       0x00012c00   Zero   RW         6822    .bss                heap_4.o
    0x200144fc        -       0x00000060   Zero   RW         7198    .bss                c_w.l(libspace.o)
    0x2001455c   COMPRESSED   0x00000004   PAD
    0x20014560        -       0x00000200   Zero   RW            2    HEAP                startup_stm32f407xx.o
    0x20014760        -       0x00000400   Zero   RW            1    STACK               startup_stm32f407xx.o


==============================================================================

Image component sizes


      Code (inc. data)   RO Data    RW Data    ZI Data      Debug   Object Name

         0          0          0          0          0       3140   accgyro_mpu.o
         0          0          0          0          0       1736   accgyro_spi_mpu9250.o
       308         26         26         32          0       3346   bus_spi.o
       100         16          1          0         12       3483   button.o
      1450         96          0         12        884      15936   config.o
        30          4          0          0          0       1050   config_eeprom.o
         0          0          0          1          0        586   debug.o
         0          0          0          0          0       8076   event_groups.o
       312         32         23          7         64       7950   exti.o
         0          0          0          8          0       1835   fc_core.o
       124          8          0          0         24       1616   fc_rc.o
       106         30          0          4          0       4731   feature.o
         0          0          0          0          0       3302   gps.o
       460         24          0         24      76800       4639   heap_4.o
       466         38         22          0        640      17388   io.o
       192         22          0          1         16       2459   led.o
       138          0          0          0          0       3430   list.o
       898        260          0         24          0      74588   main.o
       120         14          0          0          0     316347   misc.o
        12          4          0         28          0       3125   mixer.o
       786         82          0         12          0      12009   port.o
         0          0          0          0          0       2845   pwm.o
         0          0          0          0          0       1753   pwm_output.o
      1458         20          0          0         64      16210   queue.o
        66          6          0         12          0       4557   rc_controls.o
        72          0          0          0          0       1342   rcc.o
       322         42         28         32        220       9978   rx.o
        60         10          0          4          0       1781   rxserial3test.o
       448         44          0          8        100       4363   sbus.o
       290         46          3          8         36       9134   serial.o
       778         12         40          0          0       9261   serial_uart.o
       506         26          0       3468          0       6976   serial_uart_stm32f4xx.o
        64         26        392          0       1536        916   startup_stm32f407xx.o
       494         24          0          0          0       7021   stm32f4xx_dma.o
       124         10          0          0          0       1781   stm32f4xx_exti.o
       212          0          0          0          0       2649   stm32f4xx_gpio.o
       328         58          0         16          0       8543   stm32f4xx_rcc.o
       208         24          0          0          0       2798   stm32f4xx_spi.o
        48          6          0          0          0        752   stm32f4xx_syscfg.o
       178         28          0          0          0       4400   stm32f4xx_tim.o
       358          8          0          0          0       6858   stm32f4xx_usart.o
       302         36          0         12         16       7366   system.o
       272         36          0         20          0       2265   system_stm32f4xx.o
         0          0        168          0          0       2391   target.o
      2512        200          0         60        200      27855   tasks.o
       458         60          0          6        254       8122   timer.o
        60         22        112          0          0       2967   timer_stm32f4xx.o
       856         82          0         20         40      22215   timers.o

    ----------------------------------------------------------------------
     16012       1482        848       3824      80908     667871   Object Totals
         0          0         32          0          0          0   (incl. Generated)
        36          0          1          5          2          0   (incl. Padding)

    ----------------------------------------------------------------------

      Code (inc. data)   RO Data    RW Data    ZI Data      Debug   Library Member Name

        90          0          0          0          0          0   __dczerorl2.o
         8          0          0          0          0         68   __main.o
       104          0          0          0          0         84   __printf.o
         0          0          0          0          0          0   __rtentry.o
        12          0          0          0          0          0   __rtentry2.o
         6          0          0          0          0          0   __rtentry4.o
        52          8          0          0          0          0   __scatter.o
        28          0          0          0          0          0   __scatter_zi.o
        44          0          0          0          0        108   _printf_char.o
        48          6          0          0          0         96   _printf_char_common.o
        36          4          0          0          0         80   _printf_char_file.o
         6          0          0          0          0          0   _printf_d.o
       120         16          0          0          0         92   _printf_dec.o
       178          0          0          0          0         88   _printf_intcommon.o
         0          0          0          0          0          0   _printf_percent.o
         4          0          0          0          0          0   _printf_percent_end.o
         6          0          0          0          0          0   _printf_s.o
        82          0          0          0          0         80   _printf_str.o
        16          0          0          0          0         68   aeabi_memset.o
        18          0          0          0          0         80   exit.o
         8          0          0          0          0         68   ferror.o
         6          0          0          0          0        152   heapauxi.o
         0          0          0          0          0          0   indicate_semi.o
         2          0          0          0          0          0   libinit.o
         6          0          0          0          0          0   libinit2.o
         2          0          0          0          0          0   libshutdown.o
         2          0          0          0          0          0   libshutdown2.o
         8          4          0          0         96         68   libspace.o
        24          4          0          0          0         84   noretval__2printf.o
        68          0          0          0          0         68   rt_memclr.o
        78          0          0          0          0         80   rt_memclr_w.o
       138          0          0          0          0         68   rt_memcpy_v6.o
       100          0          0          0          0         80   rt_memcpy_w.o
         2          0          0          0          0          0   rtexit.o
        10          0          0          0          0          0   rtexit2.o
        20          0          0          0          0         68   strchr.o
        86          0          0          0          0         76   strncpy.o
        12          4          0          0          0         68   sys_exit.o
        74          0          0          0          0         80   sys_stackheap_outer.o
         2          0          0          0          0         68   use_no_semi.o
        10          0          0          0          0        116   fpinit.o

    ----------------------------------------------------------------------
      1528         46          0          0        100       1988   Library Totals
        12          0          0          0          4          0   (incl. Padding)

    ----------------------------------------------------------------------

      Code (inc. data)   RO Data    RW Data    ZI Data      Debug   Library Name

      1506         46          0          0         96       1872   c_w.l
        10          0          0          0          0        116   fz_wm.l

    ----------------------------------------------------------------------
      1528         46          0          0        100       1988   Library Totals

    ----------------------------------------------------------------------

==============================================================================


      Code (inc. data)   RO Data    RW Data    ZI Data      Debug   

     17540       1528        848       3824      81008     646371   Grand Totals
     17540       1528        848        152      81008     646371   ELF Image Totals (compressed)
     17540       1528        848        152          0          0   ROM Totals

==============================================================================

    Total RO  Size (Code + RO Data)                18388 (  17.96kB)
    Total RW  Size (RW Data + ZI Data)             84832 (  82.84kB)
    Total ROM Size (Code + RO Data + RW Data)      18540 (  18.11kB)

==============================================================================

